Component: ARM Compiler 5.06 update 5 (build 528) Tool: armlink [4d35e2]

==============================================================================

Section Cross References

    startup_stm32f427xx.o(RESET) refers to startup_stm32f427xx.o(STACK) for __initial_sp
    startup_stm32f427xx.o(RESET) refers to startup_stm32f427xx.o(.text) for Reset_Handler
    startup_stm32f427xx.o(RESET) refers to stm32f4xx_it.o(i.NMI_Handler) for NMI_Handler
    startup_stm32f427xx.o(RESET) refers to stm32f4xx_it.o(i.HardFault_Handler) for HardFault_Handler
    startup_stm32f427xx.o(RESET) refers to stm32f4xx_it.o(i.MemManage_Handler) for MemManage_Handler
    startup_stm32f427xx.o(RESET) refers to stm32f4xx_it.o(i.BusFault_Handler) for BusFault_Handler
    startup_stm32f427xx.o(RESET) refers to stm32f4xx_it.o(i.UsageFault_Handler) for UsageFault_Handler
    startup_stm32f427xx.o(RESET) refers to port.o(.emb_text) for SVC_Handler
    startup_stm32f427xx.o(RESET) refers to stm32f4xx_it.o(i.DebugMon_Handler) for DebugMon_Handler
    startup_stm32f427xx.o(RESET) refers to port.o(i.SysTick_Handler) for SysTick_Handler
    startup_stm32f427xx.o(RESET) refers to stm32f4xx_it.o(i.DMA1_Stream1_IRQHandler) for DMA1_Stream1_IRQHandler
    startup_stm32f427xx.o(RESET) refers to stm32f4xx_it.o(i.CAN1_RX0_IRQHandler) for CAN1_RX0_IRQHandler
    startup_stm32f427xx.o(RESET) refers to stm32f4xx_it.o(i.TIM2_IRQHandler) for TIM2_IRQHandler
    startup_stm32f427xx.o(RESET) refers to remote_control.o(i.USART1_IRQHandler) for USART1_IRQHandler
    startup_stm32f427xx.o(RESET) refers to stm32f4xx_it.o(i.CAN2_RX0_IRQHandler) for CAN2_RX0_IRQHandler
    startup_stm32f427xx.o(RESET) refers to stm32f4xx_it.o(i.DMA2_Stream7_IRQHandler) for DMA2_Stream7_IRQHandler
    startup_stm32f427xx.o(.text) refers to system_stm32f4xx.o(i.SystemInit) for SystemInit
    startup_stm32f427xx.o(.text) refers to entry.o(.ARM.Collect$$$$00000000) for __main
    main.o(i.HAL_TIM_PeriodElapsedCallback) refers to stm32f4xx_hal.o(i.HAL_IncTick) for HAL_IncTick
    main.o(i.SystemClock_Config) refers to memseta.o(.text) for __aeabi_memclr4
    main.o(i.SystemClock_Config) refers to stm32f4xx_hal_rcc.o(i.HAL_RCC_OscConfig) for HAL_RCC_OscConfig
    main.o(i.SystemClock_Config) refers to stm32f4xx_hal_rcc.o(i.HAL_RCC_ClockConfig) for HAL_RCC_ClockConfig
    main.o(i.main) refers to stm32f4xx_hal.o(i.HAL_Init) for HAL_Init
    main.o(i.main) refers to main.o(i.SystemClock_Config) for SystemClock_Config
    main.o(i.main) refers to gpio.o(i.MX_GPIO_Init) for MX_GPIO_Init
    main.o(i.main) refers to dma.o(i.MX_DMA_Init) for MX_DMA_Init
    main.o(i.main) refers to tim.o(i.MX_TIM5_Init) for MX_TIM5_Init
    main.o(i.main) refers to usart.o(i.MX_UART8_UART_Init) for MX_UART8_UART_Init
    main.o(i.main) refers to can.o(i.MX_CAN1_Init) for MX_CAN1_Init
    main.o(i.main) refers to can.o(i.MX_CAN2_Init) for MX_CAN2_Init
    main.o(i.main) refers to usart.o(i.MX_USART1_UART_Init) for MX_USART1_UART_Init
    main.o(i.main) refers to bsp_can.o(i.can_filter_init) for can_filter_init
    main.o(i.main) refers to remote_control.o(i.USART1_control_init) for USART1_control_init
    main.o(i.main) refers to bsp_delay.o(i.delay_init) for delay_init
    main.o(i.main) refers to gpio.o(i.my_gpio_Init) for my_gpio_Init
    main.o(i.main) refers to freertos.o(i.MX_FREERTOS_Init) for MX_FREERTOS_Init
    main.o(i.main) refers to cmsis_os.o(i.osKernelStart) for osKernelStart
    gpio.o(i.my_gpio_Init) refers to stm32f4xx_hal_gpio.o(i.HAL_GPIO_Init) for HAL_GPIO_Init
    gpio.o(i.my_gpio_Init) refers to stm32f4xx_hal_gpio.o(i.HAL_GPIO_WritePin) for HAL_GPIO_WritePin
    can.o(i.HAL_CAN_MspDeInit) refers to stm32f4xx_hal_gpio.o(i.HAL_GPIO_DeInit) for HAL_GPIO_DeInit
    can.o(i.HAL_CAN_MspDeInit) refers to stm32f4xx_hal_cortex.o(i.HAL_NVIC_DisableIRQ) for HAL_NVIC_DisableIRQ
    can.o(i.HAL_CAN_MspDeInit) refers to can.o(.data) for .data
    can.o(i.HAL_CAN_MspInit) refers to memseta.o(.text) for __aeabi_memclr4
    can.o(i.HAL_CAN_MspInit) refers to stm32f4xx_hal_gpio.o(i.HAL_GPIO_Init) for HAL_GPIO_Init
    can.o(i.HAL_CAN_MspInit) refers to stm32f4xx_hal_cortex.o(i.HAL_NVIC_SetPriority) for HAL_NVIC_SetPriority
    can.o(i.HAL_CAN_MspInit) refers to stm32f4xx_hal_cortex.o(i.HAL_NVIC_EnableIRQ) for HAL_NVIC_EnableIRQ
    can.o(i.HAL_CAN_MspInit) refers to can.o(.data) for .data
    can.o(i.MX_CAN1_Init) refers to stm32f4xx_hal_can.o(i.HAL_CAN_Init) for HAL_CAN_Init
    can.o(i.MX_CAN1_Init) refers to main.o(i.Error_Handler) for Error_Handler
    can.o(i.MX_CAN1_Init) refers to can.o(.bss) for .bss
    can.o(i.MX_CAN2_Init) refers to stm32f4xx_hal_can.o(i.HAL_CAN_Init) for HAL_CAN_Init
    can.o(i.MX_CAN2_Init) refers to main.o(i.Error_Handler) for Error_Handler
    can.o(i.MX_CAN2_Init) refers to can.o(.bss) for .bss
    freertos.o(i.MX_FREERTOS_Init) refers to memcpya.o(.text) for __aeabi_memcpy4
    freertos.o(i.MX_FREERTOS_Init) refers to cmsis_os.o(i.osThreadCreate) for osThreadCreate
[...]
    i.PID_calc                               0x0800255c   Section        0  pid.o(i.PID_calc)
    i.PID_init                               0x08002684   Section        0  pid.o(i.PID_init)
    i.PIDrealize                             0x080026e0   Section        0  enginer_task.o(i.PIDrealize)
    i.StartDefaultTask                       0x08002778   Section        0  freertos.o(i.StartDefaultTask)
    i.SysTick_Handler                        0x08002780   Section        0  port.o(i.SysTick_Handler)
    i.SystemClock_Config                     0x080027ac   Section        0  main.o(i.SystemClock_Config)
    i.SystemInit                             0x08002830   Section        0  system_stm32f4xx.o(i.SystemInit)
    i.TIM2_IRQHandler                        0x0800284c   Section        0  stm32f4xx_it.o(i.TIM2_IRQHandler)
    i.TIM_Base_SetConfig                     0x08002858   Section        0  stm32f4xx_hal_tim.o(i.TIM_Base_SetConfig)
    i.TIM_CCxChannelCmd                      0x08002920   Section        0  stm32f4xx_hal_tim.o(i.TIM_CCxChannelCmd)
    i.TIM_OC1_SetConfig                      0x0800293c   Section        0  stm32f4xx_hal_tim.o(i.TIM_OC1_SetConfig)
    TIM_OC1_SetConfig                        0x0800293d   Thumb Code    88  stm32f4xx_hal_tim.o(i.TIM_OC1_SetConfig)
    i.TIM_OC2_SetConfig                      0x0800299c   Section        0  stm32f4xx_hal_tim.o(i.TIM_OC2_SetConfig)
    i.TIM_OC3_SetConfig                      0x08002a08   Section        0  stm32f4xx_hal_tim.o(i.TIM_OC3_SetConfig)
    TIM_OC3_SetConfig                        0x08002a09   Thumb Code    96  stm32f4xx_hal_tim.o(i.TIM_OC3_SetConfig)
    i.TIM_OC4_SetConfig                      0x08002a70   Section        0  stm32f4xx_hal_tim.o(i.TIM_OC4_SetConfig)
    TIM_OC4_SetConfig                        0x08002a71   Thumb Code    70  stm32f4xx_hal_tim.o(i.TIM_OC4_SetConfig)
    i.UART_SetConfig                         0x08002ac0   Section        0  stm32f4xx_hal_uart.o(i.UART_SetConfig)
    UART_SetConfig                           0x08002ac1   Thumb Code   286  stm32f4xx_hal_uart.o(i.UART_SetConfig)
    i.USART1_DMA_Init                        0x08002be8   Section        0  bsp_rc.o(i.USART1_DMA_Init)
    i.USART1_IRQHandler                      0x08002c48   Section        0  remote_control.o(i.USART1_IRQHandler)
    i.USART1_control_init                    0x08002d18   Section        0  remote_control.o(i.USART1_control_init)
    i.UsageFault_Handler                     0x08002d28   Section        0  stm32f4xx_it.o(i.UsageFault_Handler)
    i.__NVIC_SetPriority                     0x08002d2a   Section        0  stm32f4xx_hal_cortex.o(i.__NVIC_SetPriority)
    __NVIC_SetPriority                       0x08002d2b   Thumb Code    32  stm32f4xx_hal_cortex.o(i.__NVIC_SetPriority)
    i.__scatterload_copy                     0x08002d4a   Section       14  handlers.o(i.__scatterload_copy)
    i.__scatterload_null                     0x08002d58   Section        2  handlers.o(i.__scatterload_null)
    i.__scatterload_zeroinit                 0x08002d5a   Section       14  handlers.o(i.__scatterload_zeroinit)
    i.can_filter_init                        0x08002d68   Section        0  bsp_can.o(i.can_filter_init)
    i.canx_bsp_send_data                     0x08002dc0   Section        0  dm4310_drv.o(i.canx_bsp_send_data)
    i.chassis_behaviour_control_set          0x08002e00   Section        0  chassis_behaviour.o(i.chassis_behaviour_control_set)
    i.chassis_behaviour_mode_set             0x08002e84   Section        0  chassis_behaviour.o(i.chassis_behaviour_mode_set)
    i.chassis_control_loop                   0x08002ed0   Section        0  chassis_task.o(i.chassis_control_loop)
    chassis_control_loop                     0x08002ed1   Thumb Code   308  chassis_task.o(i.chassis_control_loop)
    i.chassis_feedback_update                0x0800300c   Section        0  chassis_task.o(i.chassis_feedback_update)
    chassis_feedback_update                  0x0800300d   Thumb Code   168  chassis_task.o(i.chassis_feedback_update)
    i.chassis_init                           0x080030c4   Section        0  chassis_task.o(i.chassis_init)
    chassis_init                             0x080030c5   Thumb Code   230  chassis_task.o(i.chassis_init)
    i.chassis_no_follow_yaw_control          0x080031c0   Section        0  chassis_behaviour.o(i.chassis_no_follow_yaw_control)
    chassis_no_follow_yaw_control            0x080031c1   Thumb Code   138  chassis_behaviour.o(i.chassis_no_follow_yaw_control)
    i.chassis_rc_to_control_vector           0x08003264   Section        0  chassis_task.o(i.chassis_rc_to_control_vector)
    i.chassis_set_contorl                    0x08003374   Section        0  chassis_task.o(i.chassis_set_contorl)
    chassis_set_contorl                      0x08003375   Thumb Code   140  chassis_task.o(i.chassis_set_contorl)
    i.chassis_task                           0x08003404   Section        0  chassis_task.o(i.chassis_task)
    i.clear_err                              0x08003480   Section        0  dm4310_drv.o(i.clear_err)
    i.ctrl_clear_err                         0x080034b4   Section        0  damiao_task.o(i.ctrl_clear_err)
    i.ctrl_enable                            0x08003504   Section        0  damiao_task.o(i.ctrl_enable)
    i.ctrl_send                              0x08003568   Section        0  damiao_task.o(i.ctrl_send)
    i.damiao_task                            0x080035cc   Section        0  damiao_task.o(i.damiao_task)
    i.delay_init                             0x08003884   Section        0  bsp_delay.o(i.delay_init)
    i.detect_hook                            0x080038ac   Section        0  detect_task.o(i.detect_hook)
    i.dm4310_clear_err                       0x080038fc   Section        0  dm4310_drv.o(i.dm4310_clear_err)
    i.dm4310_ctrl_send                       0x08003930   Section        0  dm4310_drv.o(i.dm4310_ctrl_send)
    i.dm4310_enable                          0x08003980   Section        0  dm4310_drv.o(i.dm4310_enable)
    i.dm4310_fbdata                          0x080039b4   Section        0  dm4310_drv.o(i.dm4310_fbdata)
    i.dm4310_motor_init                      0x08003a44   Section        0  damiao_task.o(i.dm4310_motor_init)
    i.enable_motor_mode                      0x08003b04   Section        0  dm4310_drv.o(i.enable_motor_mode)
    i.enginer_init                           0x08003b38   Section        0  enginer_task.o(i.enginer_init)
    enginer_init                             0x08003b39   Thumb Code   158  enginer_task.o(i.enginer_init)
    i.enginer_task                           0x08003bec   Section        0  enginer_task.o(i.enginer_task)
    i.enginer_update                         0x08003ea4   Section        0  enginer_task.o(i.enginer_update)
    enginer_update                           0x08003ea5   Thumb Code   114  enginer_task.o(i.enginer_update)
    i.first_order_filter_cali                0x08003f24   Section        0  user_lib.o(i.first_order_filter_cali)
    i.first_order_filter_init                0x08003f72   Section        0  user_lib.o(i.first_order_filter_init)
    i.float_to_uint                          0x08003f84   Section        0  dm4310_drv.o(i.float_to_uint)
    i.fp32_constrain                         0x08003fac   Section        0  user_lib.o(i.fp32_constrain)
    i.get_chassis_motor_measure_point        0x08003fcc   Section        0  can_receive.o(i.get_chassis_motor_measure_point)
    i.get_front_motor_measure_point          0x08003fe0   Section        0  can_receive.o(i.get_front_motor_measure_point)
    i.get_mid_motor_measure_point            0x08003ff8   Section        0  can_receive.o(i.get_mid_motor_measure_point)
    i.get_remote_control_point               0x08004008   Section        0  remote_control.o(i.get_remote_control_point)
    i.gimbal_feedback_update                 0x08004010   Section        0  gimbal_task.o(i.gimbal_feedback_update)
    gimbal_feedback_update                   0x08004011   Thumb Code   100  gimbal_task.o(i.gimbal_feedback_update)
    i.gimbal_set_contorl                     0x0800407c   Section        0  gimbal_task.o(i.gimbal_set_contorl)
    gimbal_set_contorl                       0x0800407d   Thumb Code    74  gimbal_task.o(i.gimbal_set_contorl)
    i.gimbal_task                            0x080040d4   Section        0  gimbal_task.o(i.gimbal_task)
    i.gpio_set                               0x080041d4   Section        0  bsp_gpio.o(i.gpio_set)
    i.main                                   0x080041e8   Section        0  main.o(i.main)
    i.makeFreeRtosPriority                   0x08004226   Section        0  cmsis_os.o(i.makeFreeRtosPriority)
    makeFreeRtosPriority                     0x08004227   Thumb Code    12  cmsis_os.o(i.makeFreeRtosPriority)
    i.mit_ctrl                               0x08004234   Section        0  dm4310_drv.o(i.mit_ctrl)
    i.my_gpio_Init                           0x080042f0   Section        0  gpio.o(i.my_gpio_Init)
    i.osDelay                                0x08004320   Section        0  cmsis_os.o(i.osDelay)
    i.osKernelStart                          0x0800432e   Section        0  cmsis_os.o(i.osKernelStart)
    i.osThreadCreate                         0x08004338   Section        0  cmsis_os.o(i.osThreadCreate)
    i.pos_speed_ctrl                         0x0800438c   Section        0  dm4310_drv.o(i.pos_speed_ctrl)
    i.prvAddCurrentTaskToDelayedList         0x080043d4   Section        0  tasks.o(i.prvAddCurrentTaskToDelayedList)
    prvAddCurrentTaskToDelayedList           0x080043d5   Thumb Code   102  tasks.o(i.prvAddCurrentTaskToDelayedList)
    i.prvAddNewTaskToReadyList               0x08004444   Section        0  tasks.o(i.prvAddNewTaskToReadyList)
    prvAddNewTaskToReadyList                 0x08004445   Thumb Code   194  tasks.o(i.prvAddNewTaskToReadyList)
    i.prvDeleteTCB                           0x08004514   Section        0  tasks.o(i.prvDeleteTCB)
    prvDeleteTCB                             0x08004515   Thumb Code    52  tasks.o(i.prvDeleteTCB)
    i.prvHeapInit                            0x08004548   Section        0  heap_4.o(i.prvHeapInit)
    prvHeapInit                              0x08004549   Thumb Code    66  heap_4.o(i.prvHeapInit)
    i.prvIdleTask                            0x08004594   Section        0  tasks.o(i.prvIdleTask)
    prvIdleTask                              0x08004595   Thumb Code    82  tasks.o(i.prvIdleTask)
    i.prvInitialiseNewTask                   0x080045f4   Section        0  tasks.o(i.prvInitialiseNewTask)
    prvInitialiseNewTask                     0x080045f5   Thumb Code   152  tasks.o(i.prvInitialiseNewTask)
    i.prvInsertBlockIntoFreeList             0x0800468c   Section        0  heap_4.o(i.prvInsertBlockIntoFreeList)
    prvInsertBlockIntoFreeList               0x0800468d   Thumb Code    72  heap_4.o(i.prvInsertBlockIntoFreeList)
    i.prvResetNextTaskUnblockTime            0x080046d8   Section        0  tasks.o(i.prvResetNextTaskUnblockTime)
    prvResetNextTaskUnblockTime              0x080046d9   Thumb Code    26  tasks.o(i.prvResetNextTaskUnblockTime)
    i.prvTaskExitError                       0x080046f8   Section        0  port.o(i.prvTaskExitError)
    prvTaskExitError                         0x080046f9   Thumb Code    36  port.o(i.prvTaskExitError)
    i.pvPortMalloc                           0x08004720   Section        0  heap_4.o(i.pvPortMalloc)
    i.pxPortInitialiseStack                  0x080047f8   Section        0  port.o(i.pxPortInitialiseStack)
    i.sbus_to_rc                             0x08004824   Section        0  remote_control.o(i.sbus_to_rc)
    sbus_to_rc                               0x08004825   Thumb Code   180  remote_control.o(i.sbus_to_rc)
    i.sbus_to_uart8                          0x080048d8   Section        0  remote_control.o(i.sbus_to_uart8)
    i.speed_ctrl                             0x080048f4   Section        0  dm4310_drv.o(i.speed_ctrl)
    i.toe_is_error                           0x08004920   Section        0  detect_task.o(i.toe_is_error)
    i.uart8_tx_dma_enable                    0x08004938   Section        0  bsp_usart.o(i.uart8_tx_dma_enable)
    i.uint_to_float                          0x0800499c   Section        0  dm4310_drv.o(i.uint_to_float)
    i.uxListRemove                           0x080049c4   Section        0  list.o(i.uxListRemove)
    i.vApplicationGetIdleTaskMemory          0x080049ec   Section        0  freertos.o(i.vApplicationGetIdleTaskMemory)
    i.vListInitialise                        0x08004a00   Section        0  list.o(i.vListInitialise)
    i.vListInitialiseItem                    0x08004a16   Section        0  list.o(i.vListInitialiseItem)
    i.vListInsert                            0x08004a1c   Section        0  list.o(i.vListInsert)
    i.vListInsertEnd                         0x08004a4c   Section        0  list.o(i.vListInsertEnd)
    i.vPortEnterCritical                     0x08004a64   Section        0  port.o(i.vPortEnterCritical)
    i.vPortExitCritical                      0x08004aa4   Section        0  port.o(i.vPortExitCritical)
    i.vPortFree                              0x08004acc   Section        0  heap_4.o(i.vPortFree)
    i.vPortSetupTimerInterrupt               0x08004b28   Section        0  port.o(i.vPortSetupTimerInterrupt)
    i.vTaskDelay                             0x08004b4c   Section        0  tasks.o(i.vTaskDelay)
    i.vTaskStartScheduler                    0x08004b98   Section        0  tasks.o(i.vTaskStartScheduler)
    i.vTaskSuspendAll                        0x08004c04   Section        0  tasks.o(i.vTaskSuspendAll)
    i.vTaskSwitchContext                     0x08004c14   Section        0  tasks.o(i.vTaskSwitchContext)
    i.xPortStartScheduler                    0x08004c70   Section        0  port.o(i.xPortStartScheduler)
    i.xTaskCreate                            0x08004d64   Section        0  tasks.o(i.xTaskCreate)
    i.xTaskCreateStatic                      0x08004dbe   Section        0  tasks.o(i.xTaskCreateStatic)
    i.xTaskGetTickCount                      0x08004e14   Section        0  tasks.o(i.xTaskGetTickCount)
    i.xTaskIncrementTick                     0x08004e20   Section        0  tasks.o(i.xTaskIncrementTick)
    i.xTaskResumeAll                         0x08004ee8   Section        0  tasks.o(i.xTaskResumeAll)
    .constdata                               0x08004fac   Section      140  freertos.o(.constdata)
    .constdata                               0x08005038   Section        8  stm32f4xx_hal_dma.o(.constdata)
    flagBitshiftOffset                       0x08005038   Data           8  stm32f4xx_hal_dma.o(.constdata)
    .constdata                               0x08005040   Section       16  system_stm32f4xx.o(.constdata)
    .constdata                               0x08005050   Section        8  system_stm32f4xx.o(.constdata)
    .constdata                               0x08005058   Section       48  chassis_task.o(.constdata)
    chassis_angle_order_filter               0x08005058   Data           4  chassis_task.o(.constdata)
    chassis_x_order_filter                   0x0800505c   Data           4  chassis_task.o(.constdata)
    chassis_y_order_filter                   0x08005060   Data           4  chassis_task.o(.constdata)
    motor_speed_pid                          0x08005064   Data          12  chassis_task.o(.constdata)
    chassis_yaw_pid                          0x08005070   Data          12  chassis_task.o(.constdata)
    chassis_angle_pid                        0x0800507c   Data          12  chassis_task.o(.constdata)
    .constdata                               0x08005088   Section       16  gimbal_task.o(.constdata)
    chassis_up_order_filter                  0x08005088   Data           4  gimbal_task.o(.constdata)
    zak_speed_pid                            0x0800508c   Data          12  gimbal_task.o(.constdata)
    .constdata                               0x08005098   Section       36  enginer_task.o(.constdata)
    motor_speed_pid                          0x08005098   Data          12  enginer_task.o(.constdata)
    motor_positon_pid                        0x080050a4   Data          12  enginer_task.o(.constdata)
    motor_su_speed_pid                       0x080050b0   Data          12  enginer_task.o(.constdata)
    .conststring                             0x080050bc   Section       60  freertos.o(.conststring)
    .data                                    0x20000000   Section        4  can.o(.data)
    HAL_RCC_CAN1_CLK_ENABLED                 0x20000000   Data           4  can.o(.data)
    .data                                    0x20000004   Section       16  freertos.o(.data)
    .data                                    0x20000014   Section       12  stm32f4xx_hal.o(.data)
    .data                                    0x20000020   Section        4  system_stm32f4xx.o(.data)
    .data                                    0x20000024   Section       25  can_receive.o(.data)
    i                                        0x20000024   Data           1  can_receive.o(.data)
    gimbal_can_send_data                     0x20000025   Data           8  can_receive.o(.data)
    chassis_can_send_data                    0x2000002d   Data           8  can_receive.o(.data)
    .data                                    0x2000003d   Section        1  chassis_behaviour.o(.data)
    .data                                    0x2000003e   Section        2  remote_control.o(.data)
    this_time_rx_len                         0x2000003e   Data           2  remote_control.o(.data)
    .data                                    0x20000040   Section       16  enginer_task.o(.data)
    .data                                    0x20000050   Section        8  damiao_task.o(.data)
    .data                                    0x20000058   Section       60  tasks.o(.data)
    pxDelayedTaskList                        0x2000005c   Data           4  tasks.o(.data)
    pxOverflowDelayedTaskList                0x20000060   Data           4  tasks.o(.data)
    uxDeletedTasksWaitingCleanUp             0x20000064   Data           4  tasks.o(.data)
    uxCurrentNumberOfTasks                   0x20000068   Data           4  tasks.o(.data)
    xTickCount                               0x2000006c   Data           4  tasks.o(.data)
    uxTopReadyPriority                       0x20000070   Data           4  tasks.o(.data)
    xSchedulerRunning                        0x20000074   Data           4  tasks.o(.data)
    uxPendedTicks                            0x20000078   Data           4  tasks.o(.data)
    xYieldPending                            0x2000007c   Data           4  tasks.o(.data)
    xNumOfOverflows                          0x20000080   Data           4  tasks.o(.data)
    uxTaskNumber                             0x20000084   Data           4  tasks.o(.data)
    xNextTaskUnblockTime                     0x20000088   Data           4  tasks.o(.data)
    xIdleTaskHandle                          0x2000008c   Data           4  tasks.o(.data)
    uxSchedulerSuspended                     0x20000090   Data           4  tasks.o(.data)
    .data                                    0x20000094   Section       24  heap_4.o(.data)
    pxEnd                                    0x20000094   Data           4  heap_4.o(.data)
    xFreeBytesRemaining                      0x20000098   Data           4  heap_4.o(.data)
    xMinimumEverFreeBytesRemaining           0x2000009c   Data           4  heap_4.o(.data)
    xBlockAllocatedBit                       0x200000a0   Data           4  heap_4.o(.data)
    xStart                                   0x200000a4   Data           8  heap_4.o(.data)
    .data                                    0x200000ac   Section       12  port.o(.data)
    ucMaxSysCallPriority                     0x200000ac   Data           1  port.o(.data)
    uxCriticalNesting                        0x200000b0   Data           4  port.o(.data)
    ulMaxPRIGROUPValue                       0x200000b4   Data           4  port.o(.data)
    .data                                    0x200000b8   Section        8  bsp_delay.o(.data)
    fac_us                                   0x200000b8   Data           1  bsp_delay.o(.data)
    fac_ms                                   0x200000bc   Data           4  bsp_delay.o(.data)
    .bss                                     0x200000c0   Section       80  can.o(.bss)
    .bss                                     0x20000110   Section      596  freertos.o(.bss)
    xIdleTaskTCBBuffer                       0x20000110   Data          84  freertos.o(.bss)
    xIdleStack                               0x20000164   Data         512  freertos.o(.bss)
    .bss                                     0x20000364   Section       64  tim.o(.bss)
    .bss                                     0x200003a4   Section      320  usart.o(.bss)
    .bss                                     0x200004e4   Section       64  stm32f4xx_hal_timebase_tim.o(.bss)
    .bss                                     0x20000524   Section      168  can_receive.o(.bss)
    gimbal_tx_message                        0x20000584   Data          24  can_receive.o(.bss)
    chassis_tx_message                       0x2000059c   Data          24  can_receive.o(.bss)
    up_tx_message                            0x200005b4   Data          24  can_receive.o(.bss)
    .bss                                     0x200005cc   Section      856  chassis_task.o(.bss)
    .bss                                     0x20000924   Section      112  remote_control.o(.bss)
    usart_tx_buf                             0x20000924   Data          18  remote_control.o(.bss)
    .bss                                     0x20000994   Section      220  gimbal_task.o(.bss)
    .bss                                     0x20000a70   Section      492  enginer_task.o(.bss)
    .bss                                     0x20000c5c   Section      396  detect_task.o(.bss)
    .bss                                     0x20000de8   Section      336  damiao_task.o(.bss)
    .bss                                     0x20000f38   Section      240  tasks.o(.bss)
    pxReadyTasksLists                        0x20000f38   Data         140  tasks.o(.bss)
    xDelayedTaskList1                        0x20000fc4   Data          20  tasks.o(.bss)
    xDelayedTaskList2                        0x20000fd8   Data          20  tasks.o(.bss)
    xPendingReadyList                        0x20000fec   Data          20  tasks.o(.bss)
    xTasksWaitingTermination                 0x20001000   Data          20  tasks.o(.bss)
    xSuspendedTaskList                       0x20001014   Data          20  tasks.o(.bss)
    .bss                                     0x20001028   Section    15360  heap_4.o(.bss)
    ucHeap                                   0x20001028   Data       15360  heap_4.o(.bss)
    STACK                                    0x20004c28   Section     8192  startup_stm32f427xx.o(STACK)

    Global Symbols

    Symbol Name                              Value     Ov Type        Size  Object(Section)

    BuildAttributes$$THM_ISAv4$E$P$D$K$B$S$7EM$VFPi3$EXTD16$VFPS$VFMA$PE$A:L22UL41UL21$X:L11$S22US41US21$IEEE1$IW$USESV6$~STKCKD$USESV7$~SHL$OTIME$ROPI$EBA8$MICROLIB$REQ8$PRES8$EABIv2 0x00000000   Number         0  anon$$obj.o ABSOLUTE
    __ARM_use_no_argv                        0x00000000   Number         0  main.o ABSOLUTE
    __cpp_initialize__aeabi_                  - Undefined Weak Reference
    __cxa_finalize                            - Undefined Weak Reference
    __decompress                              - Undefined Weak Reference
    _clock_init                               - Undefined Weak Reference
    _microlib_exit                            - Undefined Weak Reference
    __Vectors_Size                           0x00000188   Number         0  startup_stm32f427xx.o ABSOLUTE
    __Vectors                                0x08000000   Data           4  startup_stm32f427xx.o(RESET)
    __Vectors_End                            0x08000188   Data           0  startup_stm32f427xx.o(RESET)
    __main                                   0x08000189   Thumb Code     0  entry.o(.ARM.Collect$$$$00000000)
    _main_stk                                0x08000189   Thumb Code     0  entry2.o(.ARM.Collect$$$$00000001)
    _main_scatterload                        0x0800018d   Thumb Code     0  entry5.o(.ARM.Collect$$$$00000004)
    __main_after_scatterload                 0x08000191   Thumb Code     0  entry5.o(.ARM.Collect$$$$00000004)
    _main_clock                              0x08000191   Thumb Code     0  entry7b.o(.ARM.Collect$$$$00000008)
    _main_cpp_init                           0x08000191   Thumb Code     0  entry8b.o(.ARM.Collect$$$$0000000A)
    _main_init                               0x08000191   Thumb Code     0  entry9a.o(.ARM.Collect$$$$0000000B)
    __rt_final_cpp                           0x08000199   Thumb Code     0  entry10a.o(.ARM.Collect$$$$0000000D)
    __rt_final_exit                          0x08000199   Thumb Code     0  entry11a.o(.ARM.Collect$$$$0000000F)
    SVC_Handler                              0x0800019d   Thumb Code    28  port.o(.emb_text)
    __asm___6_port_c_39a90d8d__prvStartFirstTask 0x080001bd   Thumb Code    36  port.o(.emb_text)
    __asm___6_port_c_39a90d8d__prvEnableVFP  0x080001e5   Thumb Code    16  port.o(.emb_text)
    PendSV_Handler                           0x080001f9   Thumb Code    88  port.o(.emb_text)
    vPortGetIPSR                             0x08000255   Thumb Code     6  port.o(.emb_text)
    Reset_Handler                            0x0800025d   Thumb Code     8  startup_stm32f427xx.o(.text)
    ADC_IRQHandler                           0x08000277   Thumb Code     0  startup_stm32f427xx.o(.text)
    CAN1_RX1_IRQHandler                      0x08000277   Thumb Code     0  startup_stm32f427xx.o(.text)
    CAN1_SCE_IRQHandler                      0x08000277   Thumb Code     0  startup_stm32f427xx.o(.text)
    CAN1_TX_IRQHandler                       0x08000277   Thumb Code     0  startup_stm32f427xx.o(.text)
    CAN2_RX1_IRQHandler                      0x08000277   Thumb Code     0  startup_stm32f427xx.o(.text)
    CAN2_SCE_IRQHandler                      0x08000277   Thumb Code     0  startup_stm32f427xx.o(.text)
    CAN2_TX_IRQHandler                       0x08000277   Thumb Code     0  startup_stm32f427xx.o(.text)
    DCMI_IRQHandler                          0x08000277   Thumb Code     0  startup_stm32f427xx.o(.text)
    DMA1_Stream0_IRQHandler                  0x08000277   Thumb Code     0  startup_stm32f427xx.o(.text)
    DMA1_Stream2_IRQHandler                  0x08000277   Thumb Code     0  startup_stm32f427xx.o(.text)
    DMA1_Stream3_IRQHandler                  0x08000277   Thumb Code     0  startup_stm32f427xx.o(.text)
    DMA1_Stream4_IRQHandler                  0x08000277   Thumb Code     0  startup_stm32f427xx.o(.text)
    DMA1_Stream5_IRQHandler                  0x08000277   Thumb Code     0  startup_stm32f427xx.o(.text)
    DMA1_Stream6_IRQHandler                  0x08000277   Thumb Code     0  startup_stm32f427xx.o(.text)
    DMA1_Stream7_IRQHandler                  0x08000277   Thumb Code     0  startup_stm32f427xx.o(.text)
    DMA2_Stream0_IRQHandler                  0x08000277   Thumb Code     0  startup_stm32f427xx.o(.text)
    DMA2_Stream1_IRQHandler                  0x08000277   Thumb Code     0  startup_stm32f427xx.o(.text)
    DMA2_Stream2_IRQHandler                  0x08000277   Thumb Code     0  startup_stm32f427xx.o(.text)
    DMA2_Stream3_IRQHandler                  0x08000277   Thumb Code     0  startup_stm32f427xx.o(.text)
    DMA2_Stream4_IRQHandler                  0x08000277   Thumb Code     0  startup_stm32f427xx.o(.text)
    DMA2_Stream5_IRQHandler                  0x08000277   Thumb Code     0  startup_stm32f427xx.o(.text)
    DMA2_Stream6_IRQHandler                  0x08000277   Thumb Code     0  startup_stm32f427xx.o(.text)
    ETH_IRQHandler                           0x08000277   Thumb Code     0  startup_stm32f427xx.o(.text)
    ETH_WKUP_IRQHandler                      0x08000277   Thumb Code     0  startup_stm32f427xx.o(.text)
    EXTI0_IRQHandler                         0x08000277   Thumb Code     0  startup_stm32f427xx.o(.text)
    EXTI15_10_IRQHandler                     0x08000277   Thumb Code     0  startup_stm32f427xx.o(.text)
    EXTI1_IRQHandler                         0x08000277   Thumb Code     0  startup_stm32f427xx.o(.text)
    EXTI2_IRQHandler                         0x08000277   Thumb Code     0  startup_stm32f427xx.o(.text)
    EXTI3_IRQHandler                         0x08000277   Thumb Code     0  startup_stm32f427xx.o(.text)
    EXTI4_IRQHandler                         0x08000277   Thumb Code     0  startup_stm32f427xx.o(.text)
    EXTI9_5_IRQHandler                       0x08000277   Thumb Code     0  startup_stm32f427xx.o(.text)
    FLASH_IRQHandler                         0x08000277   Thumb Code     0  startup_stm32f427xx.o(.text)
    FMC_IRQHandler                           0x08000277   Thumb Code     0  startup_stm32f427xx.o(.text)
    FPU_IRQHandler                           0x08000277   Thumb Code     0  startup_stm32f427xx.o(.text)
    HASH_RNG_IRQHandler                      0x08000277   Thumb Code     0  startup_stm32f427xx.o(.text)
    I2C1_ER_IRQHandler                       0x08000277   Thumb Code     0  startup_stm32f427xx.o(.text)
    I2C1_EV_IRQHandler                       0x08000277   Thumb Code     0  startup_stm32f427xx.o(.text)
    I2C2_ER_IRQHandler                       0x08000277   Thumb Code     0  startup_stm32f427xx.o(.text)
    I2C2_EV_IRQHandler                       0x08000277   Thumb Code     0  startup_stm32f427xx.o(.text)
    I2C3_ER_IRQHandler                       0x08000277   Thumb Code     0  startup_stm32f427xx.o(.text)
    I2C3_EV_IRQHandler                       0x08000277   Thumb Code     0  startup_stm32f427xx.o(.text)
    OTG_FS_IRQHandler                        0x08000277   Thumb Code     0  startup_stm32f427xx.o(.text)
    OTG_FS_WKUP_IRQHandler                   0x08000277   Thumb Code     0  startup_stm32f427xx.o(.text)
    OTG_HS_EP1_IN_IRQHandler                 0x08000277   Thumb Code     0  startup_stm32f427xx.o(.text)
    OTG_HS_EP1_OUT_IRQHandler                0x08000277   Thumb Code     0  startup_stm32f427xx.o(.text)
    OTG_HS_IRQHandler                        0x08000277   Thumb Code     0  startup_stm32f427xx.o(.text)
    OTG_HS_WKUP_IRQHandler                   0x08000277   Thumb Code     0  startup_stm32f427xx.o(.text)
    PVD_IRQHandler                           0x08000277   Thumb Code     0  startup_stm32f427xx.o(.text)
    RCC_IRQHandler                           0x08000277   Thumb Code     0  startup_stm32f427xx.o(.text)
    RTC_Alarm_IRQHandler                     0x08000277   Thumb Code     0  startup_stm32f427xx.o(.text)
    RTC_WKUP_IRQHandler                      0x08000277   Thumb Code     0  startup_stm32f427xx.o(.text)
    SDIO_IRQHandler                          0x08000277   Thumb Code     0  startup_stm32f427xx.o(.text)
    SPI1_IRQHandler                          0x08000277   Thumb Code     0  startup_stm32f427xx.o(.text)
    SPI2_IRQHandler                          0x08000277   Thumb Code     0  startup_stm32f427xx.o(.text)
    SPI3_IRQHandler                          0x08000277   Thumb Code     0  startup_stm32f427xx.o(.text)
    TAMP_STAMP_IRQHandler                    0x08000277   Thumb Code     0  startup_stm32f427xx.o(.text)
    TIM1_BRK_TIM9_IRQHandler                 0x08000277   Thumb Code     0  startup_stm32f427xx.o(.text)
    TIM1_CC_IRQHandler                       0x08000277   Thumb Code     0  startup_stm32f427xx.o(.text)
    TIM1_TRG_COM_TIM11_IRQHandler            0x08000277   Thumb Code     0  startup_stm32f427xx.o(.text)
    TIM1_UP_TIM10_IRQHandler                 0x08000277   Thumb Code     0  startup_stm32f427xx.o(.text)
    TIM3_IRQHandler                          0x08000277   Thumb Code     0  startup_stm32f427xx.o(.text)
    TIM4_IRQHandler                          0x08000277   Thumb Code     0  startup_stm32f427xx.o(.text)
    TIM5_IRQHandler                          0x08000277   Thumb Code     0  startup_stm32f427xx.o(.text)
    TIM6_DAC_IRQHandler                      0x08000277   Thumb Code     0  startup_stm32f427xx.o(.text)
    TIM7_IRQHandler                          0x08000277   Thumb Code     0  startup_stm32f427xx.o(.text)
    TIM8_BRK_TIM12_IRQHandler                0x08000277   Thumb Code     0  startup_stm32f427xx.o(.text)
    TIM8_CC_IRQHandler                       0x08000277   Thumb Code     0  startup_stm32f427xx.o(.text)
    TIM8_TRG_COM_TIM14_IRQHandler            0x08000277   Thumb Code     0  startup_stm32f427xx.o(.text)
    TIM8_UP_TIM13_IRQHandler                 0x08000277   Thumb Code     0  startup_stm32f427xx.o(.text)
    UART4_IRQHandler                         0x08000277   Thumb Code     0  startup_stm32f427xx.o(.text)
    UART5_IRQHandler                         0x08000277   Thumb Code     0  startup_stm32f427xx.o(.text)
    USART2_IRQHandler                        0x08000277   Thumb Code     0  startup_stm32f427xx.o(.text)
    USART3_IRQHandler                        0x08000277   Thumb Code     0  startup_stm32f427xx.o(.text)
    USART6_IRQHandler                        0x08000277   Thumb Code     0  startup_stm32f427xx.o(.text)
    WWDG_IRQHandler                          0x08000277   Thumb Code     0  startup_stm32f427xx.o(.text)
    __aeabi_uldivmod                         0x08000281   Thumb Code    98  uldiv.o(.text)
    __aeabi_memcpy                           0x080002e3   Thumb Code    36  memcpya.o(.text)
    __aeabi_memcpy4                          0x080002e3   Thumb Code     0  memcpya.o(.text)
    __aeabi_memcpy8                          0x080002e3   Thumb Code     0  memcpya.o(.text)
    __aeabi_memset                           0x08000307   Thumb Code    14  memseta.o(.text)
    __aeabi_memset4                          0x08000307   Thumb Code     0  memseta.o(.text)
    __aeabi_memset8                          0x08000307   Thumb Code     0  memseta.o(.text)
    __aeabi_memclr                           0x08000315   Thumb Code     4  memseta.o(.text)
    __aeabi_memclr4                          0x08000315   Thumb Code     0  memseta.o(.text)
    __aeabi_memclr8                          0x08000315   Thumb Code     0  memseta.o(.text)
    memset                                   0x08000319   Thumb Code    18  memseta.o(.text)
    __aeabi_dadd                             0x0800032b   Thumb Code   322  dadd.o(.text)
    __aeabi_dsub                             0x0800046d   Thumb Code     6  dadd.o(.text)
    __aeabi_drsub                            0x08000473   Thumb Code     6  dadd.o(.text)
    __aeabi_dmul                             0x08000479   Thumb Code   228  dmul.o(.text)
    __aeabi_ddiv                             0x0800055d   Thumb Code   222  ddiv.o(.text)
    __aeabi_i2d                              0x0800063b   Thumb Code    34  dflti.o(.text)
    __aeabi_f2d                              0x0800065d   Thumb Code    38  f2d.o(.text)
    __aeabi_d2f                              0x08000683   Thumb Code    56  d2f.o(.text)
    __aeabi_llsl                             0x080006bb   Thumb Code    30  llshl.o(.text)
    _ll_shift_l                              0x080006bb   Thumb Code     0  llshl.o(.text)
    __aeabi_llsr                             0x080006d9   Thumb Code    32  llushr.o(.text)
    _ll_ushift_r                             0x080006d9   Thumb Code     0  llushr.o(.text)
    __aeabi_lasr                             0x080006f9   Thumb Code    36  llsshr.o(.text)
    _ll_sshift_r                             0x080006f9   Thumb Code     0  llsshr.o(.text)
    __I$use$fp                               0x0800071d   Thumb Code     0  iusefp.o(.text)
    _float_round                             0x0800071d   Thumb Code    18  fepilogue.o(.text)
    _float_epilogue                          0x0800072f   Thumb Code    92  fepilogue.o(.text)
    _double_round                            0x0800078b   Thumb Code    30  depilogue.o(.text)
    _double_epilogue                         0x080007a9   Thumb Code   156  depilogue.o(.text)
    __scatterload                            0x08000845   Thumb Code    28  init.o(.text)
    __scatterload_rt2                        0x08000845   Thumb Code     0  init.o(.text)
    BusFault_Handler                         0x08000869   Thumb Code     2  stm32f4xx_it.o(i.BusFault_Handler)
    CAN1_RX0_IRQHandler                      0x0800086d   Thumb Code     6  stm32f4xx_it.o(i.CAN1_RX0_IRQHandler)
    CAN2_RX0_IRQHandler                      0x08000879   Thumb Code     6  stm32f4xx_it.o(i.CAN2_RX0_IRQHandler)
    CAN_cmd_chassis                          0x08000885   Thumb Code    60  can_receive.o(i.CAN_cmd_chassis)
    CAN_cmd_gimbal                           0x080008cd   Thumb Code    60  can_receive.o(i.CAN_cmd_gimbal)
    CAN_cmd_mid                              0x08000915   Thumb Code    60  can_receive.o(i.CAN_cmd_mid)
    DMA1_Stream1_IRQHandler                  0x0800095d   Thumb Code     2  stm32f4xx_it.o(i.DMA1_Stream1_IRQHandler)
    DMA2_Stream7_IRQHandler                  0x0800095f   Thumb Code     2  stm32f4xx_it.o(i.DMA2_Stream7_IRQHandler)
    DebugMon_Handler                         0x080009dd   Thumb Code     2  stm32f4xx_it.o(i.DebugMon_Handler)
    Error_Handler                            0x080009df   Thumb Code     2  main.o(i.Error_Handler)
    HAL_CAN_ActivateNotification             0x080009e1   Thumb Code    36  stm32f4xx_hal_can.o(i.HAL_CAN_ActivateNotification)
    HAL_CAN_AddTxMessage                     0x08000a05   Thumb Code   200  stm32f4xx_hal_can.o(i.HAL_CAN_AddTxMessage)
    HAL_CAN_ConfigFilter                     0x08000acd   Thumb Code   262  stm32f4xx_hal_can.o(i.HAL_CAN_ConfigFilter)
    HAL_CAN_ErrorCallback                    0x08000bd9   Thumb Code     2  stm32f4xx_hal_can.o(i.HAL_CAN_ErrorCallback)
    HAL_CAN_GetRxMessage                     0x08000bdb   Thumb Code   232  stm32f4xx_hal_can.o(i.HAL_CAN_GetRxMessage)
    HAL_CAN_IRQHandler                       0x08000cc3   Thumb Code   508  stm32f4xx_hal_can.o(i.HAL_CAN_IRQHandler)
    HAL_CAN_Init                             0x08000ebf   Thumb Code   282  stm32f4xx_hal_can.o(i.HAL_CAN_Init)
    HAL_CAN_MspInit                          0x08000fd9   Thumb Code   228  can.o(i.HAL_CAN_MspInit)
    HAL_CAN_RxFifo0FullCallback              0x080010d5   Thumb Code     2  stm32f4xx_hal_can.o(i.HAL_CAN_RxFifo0FullCallback)
    HAL_CAN_RxFifo0MsgPendingCallback        0x080010d9   Thumb Code   282  can_receive.o(i.HAL_CAN_RxFifo0MsgPendingCallback)
    HAL_CAN_RxFifo1FullCallback              0x08001209   Thumb Code     2  stm32f4xx_hal_can.o(i.HAL_CAN_RxFifo1FullCallback)
    HAL_CAN_RxFifo1MsgPendingCallback        0x0800120b   Thumb Code     2  stm32f4xx_hal_can.o(i.HAL_CAN_RxFifo1MsgPendingCallback)
    HAL_CAN_SleepCallback                    0x0800120d   Thumb Code     2  stm32f4xx_hal_can.o(i.HAL_CAN_SleepCallback)
    HAL_CAN_Start                            0x08001211   Thumb Code    88  stm32f4xx_hal_can.o(i.HAL_CAN_Start)
    HAL_CAN_TxMailbox0AbortCallback          0x08001269   Thumb Code     2  stm32f4xx_hal_can.o(i.HAL_CAN_TxMailbox0AbortCallback)
    HAL_CAN_TxMailbox0CompleteCallback       0x0800126b   Thumb Code     2  stm32f4xx_hal_can.o(i.HAL_CAN_TxMailbox0CompleteCallback)
    HAL_CAN_TxMailbox1AbortCallback          0x0800126d   Thumb Code     2  stm32f4xx_hal_can.o(i.HAL_CAN_TxMailbox1AbortCallback)
    HAL_CAN_TxMailbox1CompleteCallback       0x0800126f   Thumb Code     2  stm32f4xx_hal_can.o(i.HAL_CAN_TxMailbox1CompleteCallback)
    HAL_CAN_TxMailbox2AbortCallback          0x08001271   Thumb Code     2  stm32f4xx_hal_can.o(i.HAL_CAN_TxMailbox2AbortCallback)
    HAL_CAN_TxMailbox2CompleteCallback       0x08001273   Thumb Code     2  stm32f4xx_hal_can.o(i.HAL_CAN_TxMailbox2CompleteCallback)
    HAL_CAN_WakeUpFromRxMsgCallback          0x08001275   Thumb Code     2  stm32f4xx_hal_can.o(i.HAL_CAN_WakeUpFromRxMsgCallback)
    HAL_DMA_Init                             0x08001279   Thumb Code   206  stm32f4xx_hal_dma.o(i.HAL_DMA_Init)
    HAL_GPIO_Init                            0x0800134d   Thumb Code   414  stm32f4xx_hal_gpio.o(i.HAL_GPIO_Init)
    HAL_GPIO_WritePin                        0x08001521   Thumb Code    10  stm32f4xx_hal_gpio.o(i.HAL_GPIO_WritePin)
    HAL_GetTick                              0x0800152d   Thumb Code     6  stm32f4xx_hal.o(i.HAL_GetTick)
    HAL_IncTick                              0x08001539   Thumb Code    12  stm32f4xx_hal.o(i.HAL_IncTick)
    HAL_Init                                 0x08001549   Thumb Code    48  stm32f4xx_hal.o(i.HAL_Init)
    HAL_InitTick                             0x0800157d   Thumb Code   102  stm32f4xx_hal_timebase_tim.o(i.HAL_InitTick)
    HAL_MspInit                              0x080015f1   Thumb Code    52  stm32f4xx_hal_msp.o(i.HAL_MspInit)
    HAL_NVIC_EnableIRQ                       0x08001629   Thumb Code    26  stm32f4xx_hal_cortex.o(i.HAL_NVIC_EnableIRQ)
    HAL_NVIC_SetPriority                     0x08001645   Thumb Code    60  stm32f4xx_hal_cortex.o(i.HAL_NVIC_SetPriority)
    HAL_NVIC_SetPriorityGrouping             0x08001685   Thumb Code    26  stm32f4xx_hal_cortex.o(i.HAL_NVIC_SetPriorityGrouping)
    HAL_RCC_ClockConfig                      0x080016a9   Thumb Code   288  stm32f4xx_hal_rcc.o(i.HAL_RCC_ClockConfig)
    HAL_RCC_GetClockConfig                   0x080017dd   Thumb Code    54  stm32f4xx_hal_rcc.o(i.HAL_RCC_GetClockConfig)
    HAL_RCC_GetPCLK1Freq                     0x0800181d   Thumb Code    20  stm32f4xx_hal_rcc.o(i.HAL_RCC_GetPCLK1Freq)
    HAL_RCC_GetPCLK2Freq                     0x0800183d   Thumb Code    20  stm32f4xx_hal_rcc.o(i.HAL_RCC_GetPCLK2Freq)
    HAL_RCC_GetSysClockFreq                  0x0800185d   Thumb Code    88  stm32f4xx_hal_rcc.o(i.HAL_RCC_GetSysClockFreq)
    HAL_RCC_OscConfig                        0x080018c1   Thumb Code   840  stm32f4xx_hal_rcc.o(i.HAL_RCC_OscConfig)
    HAL_TIMEx_BreakCallback                  0x08001c1d   Thumb Code     2  stm32f4xx_hal_tim_ex.o(i.HAL_TIMEx_BreakCallback)
    HAL_TIMEx_CommutCallback                 0x08001c1f   Thumb Code     2  stm32f4xx_hal_tim_ex.o(i.HAL_TIMEx_CommutCallback)
    HAL_TIMEx_MasterConfigSynchronization    0x08001c21   Thumb Code   116  stm32f4xx_hal_tim_ex.o(i.HAL_TIMEx_MasterConfigSynchronization)
    HAL_TIM_Base_Init                        0x08001cb1   Thumb Code    54  stm32f4xx_hal_tim.o(i.HAL_TIM_Base_Init)
    HAL_TIM_Base_MspInit                     0x08001ce7   Thumb Code     2  stm32f4xx_hal_tim.o(i.HAL_TIM_Base_MspInit)
    HAL_TIM_Base_Start                       0x08001ce9   Thumb Code    36  stm32f4xx_hal_tim.o(i.HAL_TIM_Base_Start)
    HAL_TIM_Base_Start_IT                    0x08001d0d   Thumb Code    34  stm32f4xx_hal_tim.o(i.HAL_TIM_Base_Start_IT)
    HAL_TIM_IC_CaptureCallback               0x08001d2f   Thumb Code     2  stm32f4xx_hal_tim.o(i.HAL_TIM_IC_CaptureCallback)
    HAL_TIM_IRQHandler                       0x08001d31   Thumb Code   358  stm32f4xx_hal_tim.o(i.HAL_TIM_IRQHandler)
    HAL_TIM_MspPostInit                      0x08001e99   Thumb Code   126  tim.o(i.HAL_TIM_MspPostInit)
    HAL_TIM_OC_DelayElapsedCallback          0x08001f2d   Thumb Code     2  stm32f4xx_hal_tim.o(i.HAL_TIM_OC_DelayElapsedCallback)
    HAL_TIM_PWM_ConfigChannel                0x08001f2f   Thumb Code   208  stm32f4xx_hal_tim.o(i.HAL_TIM_PWM_ConfigChannel)
    HAL_TIM_PWM_Init                         0x08001fff   Thumb Code    54  stm32f4xx_hal_tim.o(i.HAL_TIM_PWM_Init)
    HAL_TIM_PWM_MspInit                      0x08002035   Thumb Code    30  tim.o(i.HAL_TIM_PWM_MspInit)
    HAL_TIM_PWM_PulseFinishedCallback        0x0800205d   Thumb Code     2  stm32f4xx_hal_tim.o(i.HAL_TIM_PWM_PulseFinishedCallback)
    HAL_TIM_PWM_Start                        0x08002061   Thumb Code    58  stm32f4xx_hal_tim.o(i.HAL_TIM_PWM_Start)
    HAL_TIM_PeriodElapsedCallback            0x080020a5   Thumb Code    14  main.o(i.HAL_TIM_PeriodElapsedCallback)
    HAL_TIM_TriggerCallback                  0x080020b3   Thumb Code     2  stm32f4xx_hal_tim.o(i.HAL_TIM_TriggerCallback)
    HAL_UART_Init                            0x080020b5   Thumb Code    98  stm32f4xx_hal_uart.o(i.HAL_UART_Init)
    HAL_UART_MspInit                         0x08002119   Thumb Code   322  usart.o(i.HAL_UART_MspInit)
    HardFault_Handler                        0x0800227d   Thumb Code     2  stm32f4xx_it.o(i.HardFault_Handler)
    MX_CAN1_Init                             0x08002281   Thumb Code    60  can.o(i.MX_CAN1_Init)
    MX_CAN2_Init                             0x080022c5   Thumb Code    60  can.o(i.MX_CAN2_Init)
    MX_DMA_Init                              0x08002309   Thumb Code    88  dma.o(i.MX_DMA_Init)
    MX_FREERTOS_Init                         0x08002365   Thumb Code   118  freertos.o(i.MX_FREERTOS_Init)
    MX_GPIO_Init                             0x080023e5   Thumb Code   118  gpio.o(i.MX_GPIO_Init)
    MX_TIM5_Init                             0x08002461   Thumb Code   120  tim.o(i.MX_TIM5_Init)
    MX_UART8_UART_Init                       0x080024e1   Thumb Code    48  usart.o(i.MX_UART8_UART_Init)
    MX_USART1_UART_Init                      0x08002519   Thumb Code    50  usart.o(i.MX_USART1_UART_Init)
    MemManage_Handler                        0x08002559   Thumb Code     2  stm32f4xx_it.o(i.MemManage_Handler)
    NMI_Handler                              0x0800255b   Thumb Code     2  stm32f4xx_it.o(i.NMI_Handler)
    PID_calc                                 0x0800255d   Thumb Code   292  pid.o(i.PID_calc)
    PID_init                                 0x08002685   Thumb Code    88  pid.o(i.PID_init)
    PIDrealize                               0x080026e1   Thumb Code   146  enginer_task.o(i.PIDrealize)
    StartDefaultTask                         0x08002779   Thumb Code     8  freertos.o(i.StartDefaultTask)
    SysTick_Handler                          0x08002781   Thumb Code    38  port.o(i.SysTick_Handler)
    SystemClock_Config                       0x080027ad   Thumb Code   124  main.o(i.SystemClock_Config)
    SystemInit                               0x08002831   Thumb Code    22  system_stm32f4xx.o(i.SystemInit)
    TIM2_IRQHandler                          0x0800284d   Thumb Code     6  stm32f4xx_it.o(i.TIM2_IRQHandler)
    TIM_Base_SetConfig                       0x08002859   Thumb Code   156  stm32f4xx_hal_tim.o(i.TIM_Base_SetConfig)
    TIM_CCxChannelCmd                        0x08002921   Thumb Code    26  stm32f4xx_hal_tim.o(i.TIM_CCxChannelCmd)
    TIM_OC2_SetConfig                        0x0800299d   Thumb Code    98  stm32f4xx_hal_tim.o(i.TIM_OC2_SetConfig)
    USART1_DMA_Init                          0x08002be9   Thumb Code    84  bsp_rc.o(i.USART1_DMA_Init)
    USART1_IRQHandler                        0x08002c49   Thumb Code   184  remote_control.o(i.USART1_IRQHandler)
    USART1_control_init                      0x08002d19   Thumb Code    12  remote_control.o(i.USART1_control_init)
    UsageFault_Handler                       0x08002d29   Thumb Code     2  stm32f4xx_it.o(i.UsageFault_Handler)
    __scatterload_copy                       0x08002d4b   Thumb Code    14  handlers.o(i.__scatterload_copy)
    __scatterload_null                       0x08002d59   Thumb Code     2  handlers.o(i.__scatterload_null)
    __scatterload_zeroinit                   0x08002d5b   Thumb Code    14  handlers.o(i.__scatterload_zeroinit)
    can_filter_init                          0x08002d69   Thumb Code    80  bsp_can.o(i.can_filter_init)
    canx_bsp_send_data                       0x08002dc1   Thumb Code    62  dm4310_drv.o(i.canx_bsp_send_data)
    chassis_behaviour_control_set            0x08002e01   Thumb Code   124  chassis_behaviour.o(i.chassis_behaviour_control_set)
    chassis_behaviour_mode_set               0x08002e85   Thumb Code    70  chassis_behaviour.o(i.chassis_behaviour_mode_set)
    chassis_rc_to_control_vector             0x08003265   Thumb Code   236  chassis_task.o(i.chassis_rc_to_control_vector)
    chassis_task                             0x08003405   Thumb Code   118  chassis_task.o(i.chassis_task)
    clear_err                                0x08003481   Thumb Code    52  dm4310_drv.o(i.clear_err)
    ctrl_clear_err                           0x080034b5   Thumb Code    68  damiao_task.o(i.ctrl_clear_err)
    ctrl_enable                              0x08003505   Thumb Code    86  damiao_task.o(i.ctrl_enable)
    ctrl_send                                0x08003569   Thumb Code    88  damiao_task.o(i.ctrl_send)
    damiao_task                              0x080035cd   Thumb Code   640  damiao_task.o(i.damiao_task)
    delay_init                               0x08003885   Thumb Code    26  bsp_delay.o(i.delay_init)
    detect_hook                              0x080038ad   Thumb Code    74  detect_task.o(i.detect_hook)
    dm4310_clear_err                         0x080038fd   Thumb Code    52  dm4310_drv.o(i.dm4310_clear_err)
    dm4310_ctrl_send                         0x08003931   Thumb Code    78  dm4310_drv.o(i.dm4310_ctrl_send)
    dm4310_enable                            0x08003981   Thumb Code    52  dm4310_drv.o(i.dm4310_enable)
    dm4310_fbdata                            0x080039b5   Thumb Code   142  dm4310_drv.o(i.dm4310_fbdata)
    dm4310_motor_init                        0x08003a45   Thumb Code   184  damiao_task.o(i.dm4310_motor_init)
    enable_motor_mode                        0x08003b05   Thumb Code    52  dm4310_drv.o(i.enable_motor_mode)
    enginer_task                             0x08003bed   Thumb Code   648  enginer_task.o(i.enginer_task)
    first_order_filter_cali                  0x08003f25   Thumb Code    78  user_lib.o(i.first_order_filter_cali)
    first_order_filter_init                  0x08003f73   Thumb Code    18  user_lib.o(i.first_order_filter_init)
    float_to_uint                            0x08003f85   Thumb Code    40  dm4310_drv.o(i.float_to_uint)
    fp32_constrain                           0x08003fad   Thumb Code    32  user_lib.o(i.fp32_constrain)
    get_chassis_motor_measure_point          0x08003fcd   Thumb Code    16  can_receive.o(i.get_chassis_motor_measure_point)
    get_front_motor_measure_point            0x08003fe1   Thumb Code    18  can_receive.o(i.get_front_motor_measure_point)
    get_mid_motor_measure_point              0x08003ff9   Thumb Code    12  can_receive.o(i.get_mid_motor_measure_point)
    get_remote_control_point                 0x08004009   Thumb Code     4  remote_control.o(i.get_remote_control_point)
    gimbal_task                              0x080040d5   Thumb Code   236  gimbal_task.o(i.gimbal_task)
    gpio_set                                 0x080041d5   Thumb Code    14  bsp_gpio.o(i.gpio_set)
    main                                     0x080041e9   Thumb Code    62  main.o(i.main)
    mit_ctrl                                 0x08004235   Thumb Code   180  dm4310_drv.o(i.mit_ctrl)
    my_gpio_Init                             0x080042f1   Thumb Code    42  gpio.o(i.my_gpio_Init)
    osDelay                                  0x08004321   Thumb Code    14  cmsis_os.o(i.osDelay)
    osKernelStart                            0x0800432f   Thumb Code    10  cmsis_os.o(i.osKernelStart)
    osThreadCreate                           0x08004339   Thumb Code    84  cmsis_os.o(i.osThreadCreate)
    pos_speed_ctrl                           0x0800438d   Thumb Code    70  dm4310_drv.o(i.pos_speed_ctrl)
    pvPortMalloc                             0x08004721   Thumb Code   210  heap_4.o(i.pvPortMalloc)
    pxPortInitialiseStack                    0x080047f9   Thumb Code    40  port.o(i.pxPortInitialiseStack)
    sbus_to_uart8                            0x080048d9   Thumb Code    24  remote_control.o(i.sbus_to_uart8)
    speed_ctrl                               0x080048f5   Thumb Code    44  dm4310_drv.o(i.speed_ctrl)
    toe_is_error                             0x08004921   Thumb Code    18  detect_task.o(i.toe_is_error)
    uart8_tx_dma_enable                      0x08004939   Thumb Code    88  bsp_usart.o(i.uart8_tx_dma_enable)
    uint_to_float                            0x0800499d   Thumb Code    40  dm4310_drv.o(i.uint_to_float)
    uxListRemove                             0x080049c5   Thumb Code    38  list.o(i.uxListRemove)
    vApplicationGetIdleTaskMemory            0x080049ed   Thumb Code    16  freertos.o(i.vApplicationGetIdleTaskMemory)
    vListInitialise                          0x08004a01   Thumb Code    22  list.o(i.vListInitialise)
    vListInitialiseItem                      0x08004a17   Thumb Code     6  list.o(i.vListInitialiseItem)
    vListInsert                              0x08004a1d   Thumb Code    48  list.o(i.vListInsert)
    vListInsertEnd                           0x08004a4d   Thumb Code    24  list.o(i.vListInsertEnd)
    vPortEnterCritical                       0x08004a65   Thumb Code    54  port.o(i.vPortEnterCritical)
    vPortExitCritical                        0x08004aa5   Thumb Code    34  port.o(i.vPortExitCritical)
    vPortFree                                0x08004acd   Thumb Code    88  heap_4.o(i.vPortFree)
    vPortSetupTimerInterrupt                 0x08004b29   Thumb Code    32  port.o(i.vPortSetupTimerInterrupt)
    vTaskDelay                               0x08004b4d   Thumb Code    66  tasks.o(i.vTaskDelay)
    vTaskStartScheduler                      0x08004b99   Thumb Code    90  tasks.o(i.vTaskStartScheduler)
    vTaskSuspendAll                          0x08004c05   Thumb Code    10  tasks.o(i.vTaskSuspendAll)
    vTaskSwitchContext                       0x08004c15   Thumb Code    82  tasks.o(i.vTaskSwitchContext)
    xPortStartScheduler                      0x08004c71   Thumb Code   222  port.o(i.xPortStartScheduler)
    xTaskCreate                              0x08004d65   Thumb Code    90  tasks.o(i.xTaskCreate)
    xTaskCreateStatic                        0x08004dbf   Thumb Code    86  tasks.o(i.xTaskCreateStatic)
    xTaskGetTickCount                        0x08004e15   Thumb Code     6  tasks.o(i.xTaskGetTickCount)
    xTaskIncrementTick                       0x08004e21   Thumb Code   192  tasks.o(i.xTaskIncrementTick)
    xTaskResumeAll                           0x08004ee9   Thumb Code   182  tasks.o(i.xTaskResumeAll)
    AHBPrescTable                            0x08005040   Data          16  system_stm32f4xx.o(.constdata)
    APBPrescTable                            0x08005050   Data           8  system_stm32f4xx.o(.constdata)
    Region$$Table$$Base                      0x080050f8   Number         0  anon$$obj.o(Region$$Table)
    Region$$Table$$Limit                     0x08005118   Number         0  anon$$obj.o(Region$$Table)
    chassisTaskHandle                        0x20000004   Data           4  freertos.o(.data)
    gimbalTaskHandle                         0x20000008   Data           4  freertos.o(.data)
    damiaoTaskHandle                         0x2000000c   Data           4  freertos.o(.data)
    defaultTaskHandle                        0x20000010   Data           4  freertos.o(.data)
    uwTickFreq                               0x20000014   Data           1  stm32f4xx_hal.o(.data)
    uwTickPrio                               0x20000018   Data           4  stm32f4xx_hal.o(.data)
    uwTick                                   0x2000001c   Data           4  stm32f4xx_hal.o(.data)
    SystemCoreClock                          0x20000020   Data           4  system_stm32f4xx.o(.data)
    up_can_send_data                         0x20000035   Data           8  can_receive.o(.data)
    chassis_behaviour_mode                   0x2000003d   Data           1  chassis_behaviour.o(.data)
    bishen                                   0x20000040   Data           1  enginer_task.o(.data)
    pwm1                                     0x20000042   Data           2  enginer_task.o(.data)
    pwm2                                     0x20000044   Data           2  enginer_task.o(.data)
    target_a                                 0x20000048   Data           4  enginer_task.o(.data)
    time_smooth_speed                        0x2000004c   Data           4  enginer_task.o(.data)
    beng_state                               0x20000050   Data           1  damiao_task.o(.data)
    kk                                       0x20000051   Data           1  damiao_task.o(.data)
    ss                                       0x20000052   Data           1  damiao_task.o(.data)
    motor_id                                 0x20000053   Data           1  damiao_task.o(.data)
    damiao_RC                                0x20000054   Data           4  damiao_task.o(.data)
    pxCurrentTCB                             0x20000058   Data           4  tasks.o(.data)
    hcan1                                    0x200000c0   Data          40  can.o(.bss)
    hcan2                                    0x200000e8   Data          40  can.o(.bss)
    htim5                                    0x20000364   Data          64  tim.o(.bss)
    huart1                                   0x200003a4   Data          64  usart.o(.bss)
    huart8                                   0x200003e4   Data          64  usart.o(.bss)
    hdma_usart1_rx                           0x20000424   Data          96  usart.o(.bss)
    hdma_uart8_tx                            0x20000484   Data          96  usart.o(.bss)
    htim2                                    0x200004e4   Data          64  stm32f4xx_hal_timebase_tim.o(.bss)
    motor_chassis                            0x20000524   Data          96  can_receive.o(.bss)
    chassis_move                             0x200005cc   Data         856  chassis_task.o(.bss)
    rc_ctrl                                  0x20000936   Data          22  remote_control.o(.bss)
    usart1_rx_buf                            0x2000094c   Data          72  remote_control.o(.bss)
    gimbal_control                           0x20000994   Data         220  gimbal_task.o(.bss)
    enginer_move                             0x20000a70   Data         492  enginer_task.o(.bss)
    error_list                               0x20000c5c   Data         396  detect_task.o(.bss)
    motor                                    0x20000de8   Data         336  damiao_task.o(.bss)
    __initial_sp                             0x20006c28   Data           0  startup_stm32f427xx.o(STACK)



==============================================================================

Memory Map of the image

  Image Entry point : 0x08000189

  Load Region LR_IROM1 (Base: 0x08000000, Size: 0x000051d8, Max: 0x00200000, ABSOLUTE)

    Execution Region ER_IROM1 (Exec base: 0x08000000, Load base: 0x08000000, Size: 0x00005118, Max: 0x00200000, ABSOLUTE)

    Exec Addr    Load Addr    Size         Type   Attr      Idx    E Section Name        Object

    0x08000000   0x08000000   0x00000188   Data   RO            3    RESET               startup_stm32f427xx.o
    0x08000188   0x08000188   0x00000000   Code   RO         6180  * .ARM.Collect$$$$00000000  mc_w.l(entry.o)
    0x08000188   0x08000188   0x00000004   Code   RO         6205    .ARM.Collect$$$$00000001  mc_w.l(entry2.o)
    0x0800018c   0x0800018c   0x00000004   Code   RO         6208    .ARM.Collect$$$$00000004  mc_w.l(entry5.o)
    0x08000190   0x08000190   0x00000000   Code   RO         6210    .ARM.Collect$$$$00000008  mc_w.l(entry7b.o)
    0x08000190   0x08000190   0x00000000   Code   RO         6212    .ARM.Collect$$$$0000000A  mc_w.l(entry8b.o)
    0x08000190   0x08000190   0x00000008   Code   RO         6213    .ARM.Collect$$$$0000000B  mc_w.l(entry9a.o)
    0x08000198   0x08000198   0x00000000   Code   RO         6215    .ARM.Collect$$$$0000000D  mc_w.l(entry10a.o)
    0x08000198   0x08000198   0x00000000   Code   RO         6217    .ARM.Collect$$$$0000000F  mc_w.l(entry11a.o)
    0x08000198   0x08000198   0x00000004   Code   RO         6206    .ARM.Collect$$$$00002712  mc_w.l(entry2.o)
    0x0800019c   0x0800019c   0x000000be   Code   RO         5914    .emb_text           port.o
    0x0800025a   0x0800025a   0x00000002   PAD
    0x0800025c   0x0800025c   0x00000024   Code   RO            4    .text               startup_stm32f427xx.o
    0x08000280   0x08000280   0x00000062   Code   RO         6183    .text               mc_w.l(uldiv.o)
    0x080002e2   0x080002e2   0x00000024   Code   RO         6185    .text               mc_w.l(memcpya.o)
    0x08000306   0x08000306   0x00000024   Code   RO         6189    .text               mc_w.l(memseta.o)
    0x0800032a   0x0800032a   0x0000014e   Code   RO         6193    .text               mf_w.l(dadd.o)
    0x08000478   0x08000478   0x000000e4   Code   RO         6195    .text               mf_w.l(dmul.o)
    0x0800055c   0x0800055c   0x000000de   Code   RO         6197    .text               mf_w.l(ddiv.o)
    0x0800063a   0x0800063a   0x00000022   Code   RO         6199    .text               mf_w.l(dflti.o)
    0x0800065c   0x0800065c   0x00000026   Code   RO         6201    .text               mf_w.l(f2d.o)
    0x08000682   0x08000682   0x00000038   Code   RO         6203    .text               mf_w.l(d2f.o)
    0x080006ba   0x080006ba   0x0000001e   Code   RO         6219    .text               mc_w.l(llshl.o)
    0x080006d8   0x080006d8   0x00000020   Code   RO         6221    .text               mc_w.l(llushr.o)
    0x080006f8   0x080006f8   0x00000024   Code   RO         6223    .text               mc_w.l(llsshr.o)
    0x0800071c   0x0800071c   0x00000000   Code   RO         6225    .text               mc_w.l(iusefp.o)
    0x0800071c   0x0800071c   0x0000006e   Code   RO         6226    .text               mf_w.l(fepilogue.o)
    0x0800078a   0x0800078a   0x000000ba   Code   RO         6228    .text               mf_w.l(depilogue.o)
    0x08000844   0x08000844   0x00000024   Code   RO         6230    .text               mc_w.l(init.o)
    0x08000868   0x08000868   0x00000002   Code   RO          697    i.BusFault_Handler  stm32f4xx_it.o
    0x0800086a   0x0800086a   0x00000002   PAD
    0x0800086c   0x0800086c   0x0000000c   Code   RO          698    i.CAN1_RX0_IRQHandler  stm32f4xx_it.o
    0x08000878   0x08000878   0x0000000c   Code   RO          699    i.CAN2_RX0_IRQHandler  stm32f4xx_it.o
    0x08000884   0x08000884   0x00000048   Code   RO         3615    i.CAN_cmd_chassis   can_receive.o
    0x080008cc   0x080008cc   0x00000048   Code   RO         3617    i.CAN_cmd_gimbal    can_receive.o
    0x08000914   0x08000914   0x00000048   Code   RO         3618    i.CAN_cmd_mid       can_receive.o
    0x0800095c   0x0800095c   0x00000002   Code   RO          700    i.DMA1_Stream1_IRQHandler  stm32f4xx_it.o
    0x0800095e   0x0800095e   0x00000002   Code   RO          701    i.DMA2_Stream7_IRQHandler  stm32f4xx_it.o
    0x08000960   0x08000960   0x00000028   Code   RO         1620    i.DMA_CalcBaseAndBitshift  stm32f4xx_hal_dma.o
    0x08000988   0x08000988   0x00000054   Code   RO         1621    i.DMA_CheckFifoParam  stm32f4xx_hal_dma.o
    0x080009dc   0x080009dc   0x00000002   Code   RO          702    i.DebugMon_Handler  stm32f4xx_it.o
    0x080009de   0x080009de   0x00000002   Code   RO           13    i.Error_Handler     main.o
    0x080009e0   0x080009e0   0x00000024   Code   RO          876    i.HAL_CAN_ActivateNotification  stm32f4xx_hal_can.o
    0x08000a04   0x08000a04   0x000000c8   Code   RO          877    i.HAL_CAN_AddTxMessage  stm32f4xx_hal_can.o
    0x08000acc   0x08000acc   0x0000010c   Code   RO          878    i.HAL_CAN_ConfigFilter  stm32f4xx_hal_can.o
    0x08000bd8   0x08000bd8   0x00000002   Code   RO          881    i.HAL_CAN_ErrorCallback  stm32f4xx_hal_can.o
    0x08000bda   0x08000bda   0x000000e8   Code   RO          884    i.HAL_CAN_GetRxMessage  stm32f4xx_hal_can.o
    0x08000cc2   0x08000cc2   0x000001fc   Code   RO          888    i.HAL_CAN_IRQHandler  stm32f4xx_hal_can.o
    0x08000ebe   0x08000ebe   0x0000011a   Code   RO          889    i.HAL_CAN_Init      stm32f4xx_hal_can.o
    0x08000fd8   0x08000fd8   0x000000fc   Code   RO          276    i.HAL_CAN_MspInit   can.o
    0x080010d4   0x080010d4   0x00000002   Code   RO          896    i.HAL_CAN_RxFifo0FullCallback  stm32f4xx_hal_can.o
    0x080010d6   0x080010d6   0x00000002   PAD
    0x080010d8   0x080010d8   0x00000130   Code   RO         3619    i.HAL_CAN_RxFifo0MsgPendingCallback  can_receive.o
    0x08001208   0x08001208   0x00000002   Code   RO          898    i.HAL_CAN_RxFifo1FullCallback  stm32f4xx_hal_can.o
    0x0800120a   0x0800120a   0x00000002   Code   RO          899    i.HAL_CAN_RxFifo1MsgPendingCallback  stm32f4xx_hal_can.o
    0x0800120c   0x0800120c   0x00000002   Code   RO          900    i.HAL_CAN_SleepCallback  stm32f4xx_hal_can.o
    0x0800120e   0x0800120e   0x00000002   PAD
    0x08001210   0x08001210   0x00000058   Code   RO          901    i.HAL_CAN_Start     stm32f4xx_hal_can.o
    0x08001268   0x08001268   0x00000002   Code   RO          903    i.HAL_CAN_TxMailbox0AbortCallback  stm32f4xx_hal_can.o
    0x0800126a   0x0800126a   0x00000002   Code   RO          904    i.HAL_CAN_TxMailbox0CompleteCallback  stm32f4xx_hal_can.o
    0x0800126c   0x0800126c   0x00000002   Code   RO          905    i.HAL_CAN_TxMailbox1AbortCallback  stm32f4xx_hal_can.o
    0x0800126e   0x0800126e   0x00000002   Code   RO          906    i.HAL_CAN_TxMailbox1CompleteCallback  stm32f4xx_hal_can.o
    0x08001270   0x08001270   0x00000002   Code   RO          907    i.HAL_CAN_TxMailbox2AbortCallback  stm32f4xx_hal_can.o
    0x08001272   0x08001272   0x00000002   Code   RO          908    i.HAL_CAN_TxMailbox2CompleteCallback  stm32f4xx_hal_can.o
    0x08001274   0x08001274   0x00000002   Code   RO          910    i.HAL_CAN_WakeUpFromRxMsgCallback  stm32f4xx_hal_can.o
    0x08001276   0x08001276   0x00000002   PAD
    0x08001278   0x08001278   0x000000d4   Code   RO         1629    i.HAL_DMA_Init      stm32f4xx_hal_dma.o
    0x0800134c   0x0800134c   0x000001d4   Code   RO         1516    i.HAL_GPIO_Init     stm32f4xx_hal_gpio.o
    0x08001520   0x08001520   0x0000000a   Code   RO         1520    i.HAL_GPIO_WritePin  stm32f4xx_hal_gpio.o
    0x0800152a   0x0800152a   0x00000002   PAD
    0x0800152c   0x0800152c   0x0000000c   Code   RO         2068    i.HAL_GetTick       stm32f4xx_hal.o
    0x08001538   0x08001538   0x00000010   Code   RO         2074    i.HAL_IncTick       stm32f4xx_hal.o
    0x08001548   0x08001548   0x00000034   Code   RO         2075    i.HAL_Init          stm32f4xx_hal.o
    0x0800157c   0x0800157c   0x00000074   Code   RO          836    i.HAL_InitTick      stm32f4xx_hal_timebase_tim.o
    0x080015f0   0x080015f0   0x00000038   Code   RO          812    i.HAL_MspInit       stm32f4xx_hal_msp.o
    0x08001628   0x08001628   0x0000001a   Code   RO         1923    i.HAL_NVIC_EnableIRQ  stm32f4xx_hal_cortex.o
    0x08001642   0x08001642   0x00000002   PAD
    0x08001644   0x08001644   0x00000040   Code   RO         1929    i.HAL_NVIC_SetPriority  stm32f4xx_hal_cortex.o
    0x08001684   0x08001684   0x00000024   Code   RO         1930    i.HAL_NVIC_SetPriorityGrouping  stm32f4xx_hal_cortex.o
    0x080016a8   0x080016a8   0x00000134   Code   RO         1110    i.HAL_RCC_ClockConfig  stm32f4xx_hal_rcc.o
    0x080017dc   0x080017dc   0x00000040   Code   RO         1114    i.HAL_RCC_GetClockConfig  stm32f4xx_hal_rcc.o
    0x0800181c   0x0800181c   0x00000020   Code   RO         1117    i.HAL_RCC_GetPCLK1Freq  stm32f4xx_hal_rcc.o
    0x0800183c   0x0800183c   0x00000020   Code   RO         1118    i.HAL_RCC_GetPCLK2Freq  stm32f4xx_hal_rcc.o
    0x0800185c   0x0800185c   0x00000064   Code   RO         1119    i.HAL_RCC_GetSysClockFreq  stm32f4xx_hal_rcc.o
    0x080018c0   0x080018c0   0x0000035c   Code   RO         1122    i.HAL_RCC_OscConfig  stm32f4xx_hal_rcc.o
    0x08001c1c   0x08001c1c   0x00000002   Code   RO         3000    i.HAL_TIMEx_BreakCallback  stm32f4xx_hal_tim_ex.o
    0x08001c1e   0x08001c1e   0x00000002   Code   RO         3001    i.HAL_TIMEx_CommutCallback  stm32f4xx_hal_tim_ex.o
    0x08001c20   0x08001c20   0x00000090   Code   RO         3018    i.HAL_TIMEx_MasterConfigSynchronization  stm32f4xx_hal_tim_ex.o
    0x08001cb0   0x08001cb0   0x00000036   Code   RO         2325    i.HAL_TIM_Base_Init  stm32f4xx_hal_tim.o
    0x08001ce6   0x08001ce6   0x00000002   Code   RO         2327    i.HAL_TIM_Base_MspInit  stm32f4xx_hal_tim.o
    0x08001ce8   0x08001ce8   0x00000024   Code   RO         2328    i.HAL_TIM_Base_Start  stm32f4xx_hal_tim.o
    0x08001d0c   0x08001d0c   0x00000022   Code   RO         2330    i.HAL_TIM_Base_Start_IT  stm32f4xx_hal_tim.o
    0x08001d2e   0x08001d2e   0x00000002   Code   RO         2354    i.HAL_TIM_IC_CaptureCallback  stm32f4xx_hal_tim.o
    0x08001d30   0x08001d30   0x00000166   Code   RO         2368    i.HAL_TIM_IRQHandler  stm32f4xx_hal_tim.o
    0x08001e96   0x08001e96   0x00000002   PAD
    0x08001e98   0x08001e98   0x00000094   Code   RO          601    i.HAL_TIM_MspPostInit  tim.o
    0x08001f2c   0x08001f2c   0x00000002   Code   RO         2371    i.HAL_TIM_OC_DelayElapsedCallback  stm32f4xx_hal_tim.o
    0x08001f2e   0x08001f2e   0x000000d0   Code   RO         2392    i.HAL_TIM_PWM_ConfigChannel  stm32f4xx_hal_tim.o
    0x08001ffe   0x08001ffe   0x00000036   Code   RO         2395    i.HAL_TIM_PWM_Init  stm32f4xx_hal_tim.o
    0x08002034   0x08002034   0x00000028   Code   RO          603    i.HAL_TIM_PWM_MspInit  tim.o
    0x0800205c   0x0800205c   0x00000002   Code   RO         2398    i.HAL_TIM_PWM_PulseFinishedCallback  stm32f4xx_hal_tim.o
    0x0800205e   0x0800205e   0x00000002   PAD
    0x08002060   0x08002060   0x00000044   Code   RO         2400    i.HAL_TIM_PWM_Start  stm32f4xx_hal_tim.o
    0x080020a4   0x080020a4   0x0000000e   Code   RO           14    i.HAL_TIM_PeriodElapsedCallback  main.o
    0x080020b2   0x080020b2   0x00000002   Code   RO         2411    i.HAL_TIM_TriggerCallback  stm32f4xx_hal_tim.o
    0x080020b4   0x080020b4   0x00000062   Code   RO         3276    i.HAL_UART_Init     stm32f4xx_hal_uart.o
    0x08002116   0x08002116   0x00000002   PAD
    0x08002118   0x08002118   0x00000164   Code   RO          650    i.HAL_UART_MspInit  usart.o
    0x0800227c   0x0800227c   0x00000002   Code   RO          703    i.HardFault_Handler  stm32f4xx_it.o
    0x0800227e   0x0800227e   0x00000002   PAD
    0x08002280   0x08002280   0x00000044   Code   RO          277    i.MX_CAN1_Init      can.o
    0x080022c4   0x080022c4   0x00000044   Code   RO          278    i.MX_CAN2_Init      can.o
    0x08002308   0x08002308   0x0000005c   Code   RO          481    i.MX_DMA_Init       dma.o
    0x08002364   0x08002364   0x00000080   Code   RO          417    i.MX_FREERTOS_Init  freertos.o
    0x080023e4   0x080023e4   0x0000007c   Code   RO          245    i.MX_GPIO_Init      gpio.o
    0x08002460   0x08002460   0x00000080   Code   RO          604    i.MX_TIM5_Init      tim.o
    0x080024e0   0x080024e0   0x00000038   Code   RO          651    i.MX_UART8_UART_Init  usart.o
    0x08002518   0x08002518   0x00000040   Code   RO          652    i.MX_USART1_UART_Init  usart.o
    0x08002558   0x08002558   0x00000002   Code   RO          704    i.MemManage_Handler  stm32f4xx_it.o
    0x0800255a   0x0800255a   0x00000002   Code   RO          705    i.NMI_Handler       stm32f4xx_it.o
    0x0800255c   0x0800255c   0x00000128   Code   RO         4083    i.PID_calc          pid.o
    0x08002684   0x08002684   0x0000005c   Code   RO         4085    i.PID_init          pid.o
    0x080026e0   0x080026e0   0x00000098   Code   RO         4338    i.PIDrealize        enginer_task.o
    0x08002778   0x08002778   0x00000008   Code   RO          418    i.StartDefaultTask  freertos.o
    0x08002780   0x08002780   0x0000002c   Code   RO         5915    i.SysTick_Handler   port.o
    0x080027ac   0x080027ac   0x00000084   Code   RO           15    i.SystemClock_Config  main.o
    0x08002830   0x08002830   0x0000001c   Code   RO         3578    i.SystemInit        system_stm32f4xx.o
    0x0800284c   0x0800284c   0x0000000c   Code   RO          706    i.TIM2_IRQHandler   stm32f4xx_it.o
    0x08002858   0x08002858   0x000000c8   Code   RO         2413    i.TIM_Base_SetConfig  stm32f4xx_hal_tim.o
    0x08002920   0x08002920   0x0000001a   Code   RO         2414    i.TIM_CCxChannelCmd  stm32f4xx_hal_tim.o
    0x0800293a   0x0800293a   0x00000002   PAD
    0x0800293c   0x0800293c   0x00000060   Code   RO         2426    i.TIM_OC1_SetConfig  stm32f4xx_hal_tim.o
    0x0800299c   0x0800299c   0x0000006c   Code   RO         2427    i.TIM_OC2_SetConfig  stm32f4xx_hal_tim.o
    0x08002a08   0x08002a08   0x00000068   Code   RO         2428    i.TIM_OC3_SetConfig  stm32f4xx_hal_tim.o
    0x08002a70   0x08002a70   0x00000050   Code   RO         2429    i.TIM_OC4_SetConfig  stm32f4xx_hal_tim.o
    0x08002ac0   0x08002ac0   0x00000128   Code   RO         3302    i.UART_SetConfig    stm32f4xx_hal_uart.o
    0x08002be8   0x08002be8   0x00000060   Code   RO         6022    i.USART1_DMA_Init   bsp_rc.o
    0x08002c48   0x08002c48   0x000000d0   Code   RO         3936    i.USART1_IRQHandler  remote_control.o
    0x08002d18   0x08002d18   0x00000010   Code   RO         3937    i.USART1_control_init  remote_control.o
    0x08002d28   0x08002d28   0x00000002   Code   RO          707    i.UsageFault_Handler  stm32f4xx_it.o
    0x08002d2a   0x08002d2a   0x00000020   Code   RO         1936    i.__NVIC_SetPriority  stm32f4xx_hal_cortex.o
    0x08002d4a   0x08002d4a   0x0000000e   Code   RO         6234    i.__scatterload_copy  mc_w.l(handlers.o)
    0x08002d58   0x08002d58   0x00000002   Code   RO         6235    i.__scatterload_null  mc_w.l(handlers.o)
    0x08002d5a   0x08002d5a   0x0000000e   Code   RO         6236    i.__scatterload_zeroinit  mc_w.l(handlers.o)
    0x08002d68   0x08002d68   0x00000058   Code   RO         5994    i.can_filter_init   bsp_can.o
    0x08002dc0   0x08002dc0   0x0000003e   Code   RO         4547    i.canx_bsp_send_data  dm4310_drv.o
    0x08002dfe   0x08002dfe   0x00000002   PAD
    0x08002e00   0x08002e00   0x00000084   Code   RO         3811    i.chassis_behaviour_control_set  chassis_behaviour.o
    0x08002e84   0x08002e84   0x0000004c   Code   RO         3812    i.chassis_behaviour_mode_set  chassis_behaviour.o
    0x08002ed0   0x08002ed0   0x0000013c   Code   RO         3877    i.chassis_control_loop  chassis_task.o
    0x0800300c   0x0800300c   0x000000b8   Code   RO         3878    i.chassis_feedback_update  chassis_task.o
    0x080030c4   0x080030c4   0x000000fc   Code   RO         3879    i.chassis_init      chassis_task.o
    0x080031c0   0x080031c0   0x000000a4   Code   RO         3813    i.chassis_no_follow_yaw_control  chassis_behaviour.o
    0x08003264   0x08003264   0x00000110   Code   RO         3880    i.chassis_rc_to_control_vector  chassis_task.o
    0x08003374   0x08003374   0x00000090   Code   RO         3881    i.chassis_set_contorl  chassis_task.o
    0x08003404   0x08003404   0x0000007c   Code   RO         3882    i.chassis_task      chassis_task.o
    0x08003480   0x08003480   0x00000034   Code   RO         4548    i.clear_err         dm4310_drv.o
    0x080034b4   0x080034b4   0x00000050   Code   RO         4476    i.ctrl_clear_err    damiao_task.o
    0x08003504   0x08003504   0x00000064   Code   RO         4479    i.ctrl_enable       damiao_task.o
    0x08003568   0x08003568   0x00000064   Code   RO         4480    i.ctrl_send         damiao_task.o
    0x080035cc   0x080035cc   0x000002b8   Code   RO         4481    i.damiao_task       damiao_task.o
    0x08003884   0x08003884   0x00000028   Code   RO         6059    i.delay_init        bsp_delay.o
    0x080038ac   0x080038ac   0x00000050   Code   RO         4387    i.detect_hook       detect_task.o
    0x080038fc   0x080038fc   0x00000034   Code   RO         4550    i.dm4310_clear_err  dm4310_drv.o
    0x08003930   0x08003930   0x0000004e   Code   RO         4552    i.dm4310_ctrl_send  dm4310_drv.o
    0x0800397e   0x0800397e   0x00000002   PAD
    0x08003980   0x08003980   0x00000034   Code   RO         4554    i.dm4310_enable     dm4310_drv.o
    0x080039b4   0x080039b4   0x0000008e   Code   RO         4555    i.dm4310_fbdata     dm4310_drv.o
    0x08003a42   0x08003a42   0x00000002   PAD
    0x08003a44   0x08003a44   0x000000c0   Code   RO         4482    i.dm4310_motor_init  damiao_task.o
    0x08003b04   0x08003b04   0x00000034   Code   RO         4556    i.enable_motor_mode  dm4310_drv.o
    0x08003b38   0x08003b38   0x000000b4   Code   RO         4339    i.enginer_init      enginer_task.o
    0x08003bec   0x08003bec   0x000002b8   Code   RO         4340    i.enginer_task      enginer_task.o
    0x08003ea4   0x08003ea4   0x00000080   Code   RO         4341    i.enginer_update    enginer_task.o
    0x08003f24   0x08003f24   0x0000004e   Code   RO         4186    i.first_order_filter_cali  user_lib.o
    0x08003f72   0x08003f72   0x00000012   Code   RO         4187    i.first_order_filter_init  user_lib.o
    0x08003f84   0x08003f84   0x00000028   Code   RO         4557    i.float_to_uint     dm4310_drv.o
    0x08003fac   0x08003fac   0x00000020   Code   RO         4188    i.fp32_constrain    user_lib.o
    0x08003fcc   0x08003fcc   0x00000014   Code   RO         3620    i.get_chassis_motor_measure_point  can_receive.o
    0x08003fe0   0x08003fe0   0x00000018   Code   RO         3621    i.get_front_motor_measure_point  can_receive.o
    0x08003ff8   0x08003ff8   0x00000010   Code   RO         3622    i.get_mid_motor_measure_point  can_receive.o
    0x08004008   0x08004008   0x00000008   Code   RO         3938    i.get_remote_control_point  remote_control.o
    0x08004010   0x08004010   0x0000006c   Code   RO         4293    i.gimbal_feedback_update  gimbal_task.o
    0x0800407c   0x0800407c   0x00000058   Code   RO         4294    i.gimbal_set_contorl  gimbal_task.o
    0x080040d4   0x080040d4   0x00000100   Code   RO         4295    i.gimbal_task       gimbal_task.o
    0x080041d4   0x080041d4   0x00000014   Code   RO         6131    i.gpio_set          bsp_gpio.o
    0x080041e8   0x080041e8   0x0000003e   Code   RO           16    i.main              main.o
    0x08004226   0x08004226   0x0000000c   Code   RO         5486    i.makeFreeRtosPriority  cmsis_os.o
    0x08004232   0x08004232   0x00000002   PAD
    0x08004234   0x08004234   0x000000bc   Code   RO         4558    i.mit_ctrl          dm4310_drv.o
    0x080042f0   0x080042f0   0x00000030   Code   RO          246    i.my_gpio_Init      gpio.o
    0x08004320   0x08004320   0x0000000e   Code   RO         5488    i.osDelay           cmsis_os.o
    0x0800432e   0x0800432e   0x0000000a   Code   RO         5491    i.osKernelStart     cmsis_os.o
    0x08004338   0x08004338   0x00000054   Code   RO         5525    i.osThreadCreate    cmsis_os.o
    0x0800438c   0x0800438c   0x00000046   Code   RO         4559    i.pos_speed_ctrl    dm4310_drv.o
    0x080043d2   0x080043d2   0x00000002   PAD
    0x080043d4   0x080043d4   0x00000070   Code   RO         5180    i.prvAddCurrentTaskToDelayedList  tasks.o
    0x08004444   0x08004444   0x000000d0   Code   RO         5181    i.prvAddNewTaskToReadyList  tasks.o
    0x08004514   0x08004514   0x00000034   Code   RO         5182    i.prvDeleteTCB      tasks.o
    0x08004548   0x08004548   0x0000004c   Code   RO         5853    i.prvHeapInit       heap_4.o
    0x08004594   0x08004594   0x00000060   Code   RO         5183    i.prvIdleTask       tasks.o
    0x080045f4   0x080045f4   0x00000098   Code   RO         5184    i.prvInitialiseNewTask  tasks.o
    0x0800468c   0x0800468c   0x0000004c   Code   RO         5854    i.prvInsertBlockIntoFreeList  heap_4.o
    0x080046d8   0x080046d8   0x00000020   Code   RO         5185    i.prvResetNextTaskUnblockTime  tasks.o
    0x080046f8   0x080046f8   0x00000028   Code   RO         5916    i.prvTaskExitError  port.o
    0x08004720   0x08004720   0x000000d8   Code   RO         5855    i.pvPortMalloc      heap_4.o
    0x080047f8   0x080047f8   0x0000002c   Code   RO         5917    i.pxPortInitialiseStack  port.o
    0x08004824   0x08004824   0x000000b4   Code   RO         3939    i.sbus_to_rc        remote_control.o
    0x080048d8   0x080048d8   0x0000001c   Code   RO         3940    i.sbus_to_uart8     remote_control.o
    0x080048f4   0x080048f4   0x0000002c   Code   RO         4561    i.speed_ctrl        dm4310_drv.o
    0x08004920   0x08004920   0x00000018   Code   RO         4391    i.toe_is_error      detect_task.o
    0x08004938   0x08004938   0x00000064   Code   RO         6100    i.uart8_tx_dma_enable  bsp_usart.o
    0x0800499c   0x0800499c   0x00000028   Code   RO         4562    i.uint_to_float     dm4310_drv.o
    0x080049c4   0x080049c4   0x00000026   Code   RO         4819    i.uxListRemove      list.o
    0x080049ea   0x080049ea   0x00000002   PAD
    0x080049ec   0x080049ec   0x00000014   Code   RO          419    i.vApplicationGetIdleTaskMemory  freertos.o
    0x08004a00   0x08004a00   0x00000016   Code   RO         4820    i.vListInitialise   list.o
    0x08004a16   0x08004a16   0x00000006   Code   RO         4821    i.vListInitialiseItem  list.o
    0x08004a1c   0x08004a1c   0x00000030   Code   RO         4822    i.vListInsert       list.o
    0x08004a4c   0x08004a4c   0x00000018   Code   RO         4823    i.vListInsertEnd    list.o
    0x08004a64   0x08004a64   0x00000040   Code   RO         5919    i.vPortEnterCritical  port.o
    0x08004aa4   0x08004aa4   0x00000028   Code   RO         5920    i.vPortExitCritical  port.o
    0x08004acc   0x08004acc   0x0000005c   Code   RO         5856    i.vPortFree         heap_4.o
    0x08004b28   0x08004b28   0x00000024   Code   RO         5921    i.vPortSetupTimerInterrupt  port.o
    0x08004b4c   0x08004b4c   0x0000004c   Code   RO         5193    i.vTaskDelay        tasks.o
    0x08004b98   0x08004b98   0x0000006c   Code   RO         5206    i.vTaskStartScheduler  tasks.o
    0x08004c04   0x08004c04   0x00000010   Code   RO         5208    i.vTaskSuspendAll   tasks.o
    0x08004c14   0x08004c14   0x0000005c   Code   RO         5209    i.vTaskSwitchContext  tasks.o
    0x08004c70   0x08004c70   0x000000f4   Code   RO         5923    i.xPortStartScheduler  port.o
    0x08004d64   0x08004d64   0x0000005a   Code   RO         5211    i.xTaskCreate       tasks.o
    0x08004dbe   0x08004dbe   0x00000056   Code   RO         5212    i.xTaskCreateStatic  tasks.o
    0x08004e14   0x08004e14   0x0000000c   Code   RO         5217    i.xTaskGetTickCount  tasks.o
    0x08004e20   0x08004e20   0x000000c8   Code   RO         5219    i.xTaskIncrementTick  tasks.o
    0x08004ee8   0x08004ee8   0x000000c4   Code   RO         5225    i.xTaskResumeAll    tasks.o
    0x08004fac   0x08004fac   0x0000008c   Data   RO          421    .constdata          freertos.o
    0x08005038   0x08005038   0x00000008   Data   RO         1635    .constdata          stm32f4xx_hal_dma.o
    0x08005040   0x08005040   0x00000010   Data   RO         3579    .constdata          system_stm32f4xx.o
    0x08005050   0x08005050   0x00000008   Data   RO         3580    .constdata          system_stm32f4xx.o
    0x08005058   0x08005058   0x00000030   Data   RO         3884    .constdata          chassis_task.o
    0x08005088   0x08005088   0x00000010   Data   RO         4297    .constdata          gimbal_task.o
    0x08005098   0x08005098   0x00000024   Data   RO         4343    .constdata          enginer_task.o
    0x080050bc   0x080050bc   0x0000003c   Data   RO          422    .conststring        freertos.o
    0x080050f8   0x080050f8   0x00000020   Data   RO         6232    Region$$Table       anon$$obj.o


    Execution Region RW_IRAM1 (Exec base: 0x20000000, Load base: 0x08005118, Size: 0x00006c28, Max: 0x00030000, ABSOLUTE)

    Exec Addr    Load Addr    Size         Type   Attr      Idx    E Section Name        Object

    0x20000000   0x08005118   0x00000004   Data   RW          280    .data               can.o
    0x20000004   0x0800511c   0x00000010   Data   RW          423    .data               freertos.o
    0x20000014   0x0800512c   0x0000000c   Data   RW         2082    .data               stm32f4xx_hal.o
    0x20000020   0x08005138   0x00000004   Data   RW         3581    .data               system_stm32f4xx.o
    0x20000024   0x0800513c   0x00000019   Data   RW         3627    .data               can_receive.o
    0x2000003d   0x08005155   0x00000001   Data   RW         3814    .data               chassis_behaviour.o
    0x2000003e   0x08005156   0x00000002   Data   RW         3944    .data               remote_control.o
    0x20000040   0x08005158   0x00000010   Data   RW         4347    .data               enginer_task.o
    0x20000050   0x08005168   0x00000008   Data   RW         4484    .data               damiao_task.o
    0x20000058   0x08005170   0x0000003c   Data   RW         5228    .data               tasks.o
    0x20000094   0x080051ac   0x00000018   Data   RW         5861    .data               heap_4.o
    0x200000ac   0x080051c4   0x0000000c   Data   RW         5924    .data               port.o
    0x200000b8   0x080051d0   0x00000008   Data   RW         6062    .data               bsp_delay.o
    0x200000c0        -       0x00000050   Zero   RW          279    .bss                can.o
    0x20000110        -       0x00000254   Zero   RW          420    .bss                freertos.o
    0x20000364        -       0x00000040   Zero   RW          605    .bss                tim.o
    0x200003a4        -       0x00000140   Zero   RW          653    .bss                usart.o
    0x200004e4        -       0x00000040   Zero   RW          839    .bss                stm32f4xx_hal_timebase_tim.o
    0x20000524        -       0x000000a8   Zero   RW         3626    .bss                can_receive.o
    0x200005cc        -       0x00000358   Zero   RW         3883    .bss                chassis_task.o
    0x20000924        -       0x00000070   Zero   RW         3943    .bss                remote_control.o
    0x20000994        -       0x000000dc   Zero   RW         4296    .bss                gimbal_task.o
    0x20000a70        -       0x000001ec   Zero   RW         4342    .bss                enginer_task.o
    0x20000c5c        -       0x0000018c   Zero   RW         4392    .bss                detect_task.o
    0x20000de8        -       0x00000150   Zero   RW         4483    .bss                damiao_task.o
    0x20000f38        -       0x000000f0   Zero   RW         5227    .bss                tasks.o
    0x20001028        -       0x00003c00   Zero   RW         5860    .bss                heap_4.o
    0x20004c28        -       0x00002000   Zero   RW            1    STACK               startup_stm32f427xx.o


==============================================================================

Image component sizes


      Code (inc. data)   RO Data    RW Data    ZI Data      Debug   Object Name

        88          8          0          0          0        586   bsp_can.o
        40         14          0          8          0        669   bsp_delay.o
        20          6          0          0          0        499   bsp_gpio.o
        96         12          0          0          0        994   bsp_rc.o
       100         12          0          0          0        961   bsp_usart.o
       388         40          0          4         80     743650   can.o
       580         72          0         25        168     659430   can_receive.o
       372         40          0          1          0       9174   chassis_behaviour.o
      1292         92         48          0        856       6009   chassis_task.o
       120          0          0          0          0      23305   cmsis_os.o
         0          0          0          0          0       5216   croutine.o
      1168        102          0          8        336       4494   damiao_task.o
       104         12          0          0        396       9986   detect_task.o
       872          8          0          0          0       8818   dm4310_drv.o
        92          4          0          0          0     627454   dma.o
      1156         90         36         16        492       5329   enginer_task.o
         0          0          0          0          0      18328   event_groups.o
       156         14        200         16        596       3724   freertos.o
       452         42         16          0        220       4871   gimbal_task.o
       172         12          0          0          0       1454   gpio.o
       460         24          0         24      15360       7451   heap_4.o
       138          0          0          0          0       3654   list.o
       210          8          0          0          0     768760   main.o
       388          8          0          0          0     613514   pid.o
       702         72          0         12          0      11264   port.o
       440         36          0          2        112     628219   remote_control.o
        36          8        392          0       8192        852   startup_stm32f427xx.o
        80         14          0         12          0       8326   stm32f4xx_hal.o
      1638          6          0          0          0      14607   stm32f4xx_hal_can.o
       158         14          0          0          0      33254   stm32f4xx_hal_cortex.o
       336         12          8          0          0       2967   stm32f4xx_hal_dma.o
       478         54          0          0          0       2460   stm32f4xx_hal_gpio.o
        56          4          0          0          0        870   stm32f4xx_hal_msp.o
      1396         86          0          0          0       6001   stm32f4xx_hal_rcc.o
      1436         90          0          0          0      14172   stm32f4xx_hal_tim.o
       148         28          0          0          0       2521   stm32f4xx_hal_tim_ex.o
       116         14          0          0         64       1447   stm32f4xx_hal_timebase_tim.o
       394         10          0          0          0       2100   stm32f4xx_hal_uart.o
        52         18          0          0          0       5039   stm32f4xx_it.o
        28          6         24          4          0       1179   system_stm32f4xx.o
      1528        116          0         60        240      20362   tasks.o
       316         40          0          0         64       2243   tim.o
       476         56          0          0        320       2603   usart.o
       128          0          0          0          0       3301   user_lib.o

    ----------------------------------------------------------------------
     18442       1304        756        192      27496    4292117   Object Totals
         0          0         32          0          0          0   (incl. Generated)
        36          0          0          0          0          0   (incl. Padding)

    ----------------------------------------------------------------------

      Code (inc. data)   RO Data    RW Data    ZI Data      Debug   Library Member Name

         0          0          0          0          0          0   entry.o
         0          0          0          0          0          0   entry10a.o
         0          0          0          0          0          0   entry11a.o
         8          4          0          0          0          0   entry2.o
         4          0          0          0          0          0   entry5.o
         0          0          0          0          0          0   entry7b.o
         0          0          0          0          0          0   entry8b.o
         8          4          0          0          0          0   entry9a.o
        30          0          0          0          0          0   handlers.o
        36          8          0          0          0         68   init.o
         0          0          0          0          0          0   iusefp.o
        30          0          0          0          0         68   llshl.o
        36          0          0          0          0         68   llsshr.o
        32          0          0          0          0         68   llushr.o
        36          0          0          0          0         68   memcpya.o
        36          0          0          0          0        108   memseta.o
        98          0          0          0          0         92   uldiv.o
        56          0          0          0          0         88   d2f.o
       334          0          0          0          0        148   dadd.o
       222          0          0          0          0        100   ddiv.o
       186          0          0          0          0        176   depilogue.o
        34          0          0          0          0         76   dflti.o
       228          0          0          0          0         96   dmul.o
        38          0          0          0          0         68   f2d.o
       110          0          0          0          0        168   fepilogue.o

    ----------------------------------------------------------------------
      1562         16          0          0          0       1460   Library Totals
         0          0          0          0          0          0   (incl. Padding)

    ----------------------------------------------------------------------

      Code (inc. data)   RO Data    RW Data    ZI Data      Debug   Library Name

       354         16          0          0          0        540   mc_w.l
      1208          0          0          0          0        920   mf_w.l

    ----------------------------------------------------------------------
      1562         16          0          0          0       1460   Library Totals

    ----------------------------------------------------------------------

==============================================================================


      Code (inc. data)   RO Data    RW Data    ZI Data      Debug   

     20004       1320        756        192      27496    4276057   Grand Totals
     20004       1320        756        192      27496    4276057   ELF Image Totals
     20004       1320        756        192          0          0   ROM Totals

==============================================================================

    Total RO  Size (Code + RO Data)                20760 (  20.27kB)
    Total RW  Size (RW Data + ZI Data)             27688 (  27.04kB)
    Total ROM Size (Code + RO Data + RW Data)      20952 (  20.46kB)

==============================================================================

